Component: ARM Compiler 5.06 update 6 (build 750) Tool: armlink [4d35ed]

==============================================================================

Section Cross References

    system_stm32f10x.o(.text) refers to system_stm32f10x.o(.data) for SystemCoreClock
    startup_stm32f10x_md.o(STACK) refers (Special) to heapauxi.o(.text) for __use_two_region_memory
    startup_stm32f10x_md.o(HEAP) refers (Special) to heapauxi.o(.text) for __use_two_region_memory
    startup_stm32f10x_md.o(RESET) refers (Special) to heapauxi.o(.text) for __use_two_region_memory
    startup_stm32f10x_md.o(RESET) refers to startup_stm32f10x_md.o(STACK) for __initial_sp
    startup_stm32f10x_md.o(RESET) refers to startup_stm32f10x_md.o(.text) for Reset_Handler
    startup_stm32f10x_md.o(RESET) refers to stm32f10x_it.o(.text) for NMI_Handler
    startup_stm32f10x_md.o(RESET) refers to uart2.o(.text) for DMA1_Channel7_IRQHandler
    startup_stm32f10x_md.o(RESET) refers to can_to_imu.o(.text) for USB_LP_CAN1_RX0_IRQHandler
    startup_stm32f10x_md.o(RESET) refers to timer_config.o(.text) for TIM3_IRQHandler
    startup_stm32f10x_md.o(RESET) refers to uart1.o(.text) for USART1_IRQHandler
    startup_stm32f10x_md.o(.text) refers (Special) to heapauxi.o(.text) for __use_two_region_memory
    startup_stm32f10x_md.o(.text) refers to system_stm32f10x.o(.text) for SystemInit
    startup_stm32f10x_md.o(.text) refers to __main.o(!!!main) for __main
    startup_stm32f10x_md.o(.text) refers to startup_stm32f10x_md.o(HEAP) for Heap_Mem
    startup_stm32f10x_md.o(.text) refers to startup_stm32f10x_md.o(STACK) for Stack_Mem
    stm32f10x_can.o(.text) refers to stm32f10x_rcc.o(.text) for RCC_APB1PeriphResetCmd
    delay.o(.text) refers to delay.o(.data) for fac_us
    uart2.o(.text) refers to misc.o(.text) for NVIC_Init
    uart2.o(.text) refers to stm32f10x_rcc.o(.text) for RCC_APB1PeriphClockCmd
    uart2.o(.text) refers to stm32f10x_gpio.o(.text) for GPIO_Init
    uart2.o(.text) refers to stm32f10x_usart.o(.text) for USART_Init
    uart2.o(.text) refers to stm32f10x_dma.o(.text) for DMA_DeInit
    uart2.o(.text) refers to compute.o(.text) for int2buf
    uart2.o(.text) refers to frleqf.o(x$fpl$frleqf) for __aeabi_cfrcmple
    uart2.o(.text) refers to fmul.o(x$fpl$fmul) for __aeabi_fmul
    uart2.o(.text) refers to ffixu.o(x$fpl$ffixu) for __aeabi_f2uiz
    uart2.o(.text) refers to uart2.o(.bss) for USART2_DMA_Send_Buf
    uart2.o(.text) refers to gps.o(.data) for Longitude_GPS
    uart2.o(.text) refers to qmc5883l.o(.data) for x_mag
    timer_config.o(.text) refers to stm32f10x_rcc.o(.text) for RCC_DeInit
    timer_config.o(.text) refers to misc.o(.text) for NVIC_Init
    timer_config.o(.text) refers to stm32f10x_tim.o(.text) for TIM_TimeBaseStructInit
    timer_config.o(.text) refers to timer_config.o(.data) for interuptCount
    uart1.o(.text) refers to stm32f10x_rcc.o(.text) for RCC_AHBPeriphClockCmd
    uart1.o(.text) refers to stm32f10x_dma.o(.text) for DMA_DeInit
    uart1.o(.text) refers to stm32f10x_usart.o(.text) for USART_DMACmd
    uart1.o(.text) refers to misc.o(.text) for NVIC_Init
    uart1.o(.text) refers to stm32f10x_gpio.o(.text) for GPIO_Init
    uart1.o(.text) refers to uart1.o(.bss) for USART1_DMA_Read_Buf
    uart1.o(.text) refers to gps.o(.data) for gpsArrived
    ioi2c.o(.text) refers to stm32f10x_rcc.o(.text) for RCC_APB2PeriphClockCmd
    ioi2c.o(.text) refers to stm32f10x_gpio.o(.text) for GPIO_Init
    ioi2c.o(.text) refers to delay.o(.text) for delay_us
    compute.o(.text) refers to frleqf.o(x$fpl$frleqf) for __aeabi_cfrcmple
    compute.o(.text) refers to fleqf.o(x$fpl$fleqf) for __aeabi_cfcmple
    compute.o(.text) refers to compute.o(.constdata) for auchCRCHi
    gps.o(.text) refers to uart1.o(.text) for UART1_Send_Buf
    gps.o(.text) refers to delay.o(.text) for delay_ms
    gps.o(.text) refers to rt_memcpy_v6.o(.text) for __aeabi_memcpy
    gps.o(.text) refers to timer_config.o(.text) for micros
    gps.o(.text) refers to compute.o(.text) for buf2int
    gps.o(.text) refers to chipflash.o(.text) for FLASH_WriteMoreData
    gps.o(.text) refers to fflt_clz.o(x$fpl$fflt) for __aeabi_i2f
    gps.o(.text) refers to fdiv.o(x$fpl$fdiv) for __aeabi_fdiv
    gps.o(.text) refers to gps.o(.data) for setubx
    gps.o(.text) refers to gps.o(.bss) for total_gps_buf
    gps.o(.text) refers to uart1.o(.bss) for USART1_DMA_Read_Buf
    gps.o(.text) refers to chipflash.o(.bss) for gps_error_record
    qmc5883l.o(.text) refers to ioi2c.o(.text) for IICreadBytes
    qmc5883l.o(.text) refers to delay.o(.text) for delay_us
    qmc5883l.o(.text) refers to fflt_clz.o(x$fpl$fflt) for __aeabi_i2f
    qmc5883l.o(.text) refers to fdiv.o(x$fpl$fdiv) for __aeabi_fdiv
    qmc5883l.o(.text) refers to qmc5883l.o(.bss) for QMC5883_FIFO
    qmc5883l.o(.text) refers to qmc5883l.o(.data) for QMC5883_Buf_index
    chipflash.o(.text) refers to stm32f10x_flash.o(.text) for FLASH_Unlock
[...]
    sys_wrch.o(.text) refers (Special) to use_no_semi.o(.text) for __I$use$semihosting
    sys_wrch.o(.text) refers (Special) to indicate_semi.o(.text) for __semihosting_library_function
    defsig.o(CL$$defsig) refers to defsig_rtmem_inner.o(.text) for __rt_SIGRTMEM_inner
    defsig_abrt_inner.o(.text) refers to defsig_general.o(.text) for __default_signal_display
    defsig_fpe_inner.o(.text) refers to defsig_general.o(.text) for __default_signal_display
    defsig_rtred_inner.o(.text) refers to defsig_general.o(.text) for __default_signal_display
    defsig_stak_inner.o(.text) refers to defsig_general.o(.text) for __default_signal_display
    defsig_pvfn_inner.o(.text) refers to defsig_general.o(.text) for __default_signal_display
    defsig_cppl_inner.o(.text) refers to defsig_general.o(.text) for __default_signal_display
    defsig_segv_inner.o(.text) refers to defsig_general.o(.text) for __default_signal_display
    defsig_other.o(.text) refers to defsig_general.o(.text) for __default_signal_display


==============================================================================

Removing Unused input sections from the image.

    Removing core_cm3.o(.emb_text), (32 bytes).
    Removing can_to_imu.o(.constdata), (8 bytes).

2 unused section(s) (total 40 bytes) removed from the image.

==============================================================================

Image Symbol Table

    Local Symbols

    Symbol Name                              Value     Ov Type        Size  Object(Section)

    ../clib/angel/boardlib.s                 0x00000000   Number         0  boardshut.o ABSOLUTE
    ../clib/angel/boardlib.s                 0x00000000   Number         0  boardinit1.o ABSOLUTE
    ../clib/angel/boardlib.s                 0x00000000   Number         0  boardinit2.o ABSOLUTE
    ../clib/angel/boardlib.s                 0x00000000   Number         0  boardinit3.o ABSOLUTE
    ../clib/angel/handlers.s                 0x00000000   Number         0  __scatter_copy.o ABSOLUTE
    ../clib/angel/handlers.s                 0x00000000   Number         0  __scatter_zi.o ABSOLUTE
    ../clib/angel/kernel.s                   0x00000000   Number         0  __rtentry2.o ABSOLUTE
    ../clib/angel/kernel.s                   0x00000000   Number         0  __rtentry.o ABSOLUTE
    ../clib/angel/kernel.s                   0x00000000   Number         0  __rtentry4.o ABSOLUTE
    ../clib/angel/kernel.s                   0x00000000   Number         0  rtexit2.o ABSOLUTE
    ../clib/angel/kernel.s                   0x00000000   Number         0  rtexit.o ABSOLUTE
    ../clib/angel/rt.s                       0x00000000   Number         0  rt_raise.o ABSOLUTE
    ../clib/angel/scatter.s                  0x00000000   Number         0  __scatter.o ABSOLUTE
    ../clib/angel/startup.s                  0x00000000   Number         0  __main.o ABSOLUTE
    ../clib/angel/sys.s                      0x00000000   Number         0  sys_stackheap_outer.o ABSOLUTE
    ../clib/angel/sys.s                      0x00000000   Number         0  indicate_semi.o ABSOLUTE
    ../clib/angel/sys.s                      0x00000000   Number         0  use_no_semi.o ABSOLUTE
    ../clib/angel/sys.s                      0x00000000   Number         0  libspace.o ABSOLUTE
    ../clib/angel/sysapp.c                   0x00000000   Number         0  sys_wrch.o ABSOLUTE
    ../clib/angel/sysapp.c                   0x00000000   Number         0  sys_exit.o ABSOLUTE
    ../clib/angel/sysapp.c                   0x00000000   Number         0  sys_command.o ABSOLUTE
    ../clib/armsys.c                         0x00000000   Number         0  no_argv.o ABSOLUTE
    ../clib/armsys.c                         0x00000000   Number         0  argv_veneer.o ABSOLUTE
    ../clib/armsys.c                         0x00000000   Number         0  argv_veneer.o ABSOLUTE
    ../clib/armsys.c                         0x00000000   Number         0  _get_argv_nomalloc.o ABSOLUTE
    ../clib/heapalloc.c                      0x00000000   Number         0  hrguard.o ABSOLUTE
    ../clib/heapaux.c                        0x00000000   Number         0  heapauxi.o ABSOLUTE
    ../clib/libinit.s                        0x00000000   Number         0  libshutdown.o ABSOLUTE
    ../clib/libinit.s                        0x00000000   Number         0  libinit.o ABSOLUTE
    ../clib/libinit.s                        0x00000000   Number         0  libinit2.o ABSOLUTE
    ../clib/libinit.s                        0x00000000   Number         0  libshutdown2.o ABSOLUTE
    ../clib/memcpset.s                       0x00000000   Number         0  rt_memcpy_w.o ABSOLUTE
    ../clib/memcpset.s                       0x00000000   Number         0  rt_memcpy_v6.o ABSOLUTE
    ../clib/signal.c                         0x00000000   Number         0  __raise.o ABSOLUTE
    ../clib/signal.c                         0x00000000   Number         0  defsig_rtred_inner.o ABSOLUTE
    ../clib/signal.c                         0x00000000   Number         0  defsig_rtmem_outer.o ABSOLUTE
    ../clib/signal.c                         0x00000000   Number         0  defsig_rtmem_formal.o ABSOLUTE
    ../clib/signal.c                         0x00000000   Number         0  defsig_exit.o ABSOLUTE
    ../clib/signal.c                         0x00000000   Number         0  defsig_rtmem_inner.o ABSOLUTE
    ../clib/signal.c                         0x00000000   Number         0  defsig_general.o ABSOLUTE
    ../clib/signal.c                         0x00000000   Number         0  defsig_abrt_inner.o ABSOLUTE
    ../clib/signal.c                         0x00000000   Number         0  defsig_stak_inner.o ABSOLUTE
    ../clib/signal.c                         0x00000000   Number         0  defsig_pvfn_inner.o ABSOLUTE
    ../clib/signal.c                         0x00000000   Number         0  defsig_cppl_inner.o ABSOLUTE
    ../clib/signal.c                         0x00000000   Number         0  defsig_segv_inner.o ABSOLUTE
    ../clib/signal.c                         0x00000000   Number         0  defsig_other.o ABSOLUTE
    ../clib/signal.c                         0x00000000   Number         0  defsig_fpe_inner.o ABSOLUTE
    ../clib/signal.s                         0x00000000   Number         0  defsig.o ABSOLUTE
    ../clib/stdlib.c                         0x00000000   Number         0  exit.o ABSOLUTE
    ../fplib/fcmpi.s                         0x00000000   Number         0  fcmpi.o ABSOLUTE
    ../fplib/fdiv.s                          0x00000000   Number         0  fdiv.o ABSOLUTE
    ../fplib/ffixu.s                         0x00000000   Number         0  ffixu.o ABSOLUTE
    ../fplib/fflt.s                          0x00000000   Number         0  fflt_clz.o ABSOLUTE
    ../fplib/fleqf.s                         0x00000000   Number         0  fleqf.o ABSOLUTE
    ../fplib/fmul.s                          0x00000000   Number         0  fmul.o ABSOLUTE
    ../fplib/fnaninf.s                       0x00000000   Number         0  fnaninf.o ABSOLUTE
    ../fplib/fpinit.s                        0x00000000   Number         0  fpinit.o ABSOLUTE
    ../fplib/fretinf.s                       0x00000000   Number         0  fretinf.o ABSOLUTE
    ../fplib/frleqf.s                        0x00000000   Number         0  frleqf.o ABSOLUTE
    ../fplib/usenofp.s                       0x00000000   Number         0  usenofp.o ABSOLUTE
    HardWareDriver\CAN_TO_IMU\can_to_imu.c   0x00000000   Number         0  can_to_imu.o ABSOLUTE
    HardWareDriver\GPS\GPS.c                 0x00000000   Number         0  gps.o ABSOLUTE
    HardWareDriver\IOI2C\IOI2C.c             0x00000000   Number         0  ioi2c.o ABSOLUTE
    HardWareDriver\QMC5883L\QMC5883L.c       0x00000000   Number         0  qmc5883l.o ABSOLUTE
    HardWareDriver\TIMER_CONFIG\TIMER_CONFIG.c 0x00000000   Number         0  timer_config.o ABSOLUTE
    HardWareDriver\UART1\UART1.c             0x00000000   Number         0  uart1.o ABSOLUTE
    HardWareDriver\UART2\UART2.c             0x00000000   Number         0  uart2.o ABSOLUTE
    HardWareDriver\chipFlash.c               0x00000000   Number         0  chipflash.o ABSOLUTE
    HardWareDriver\compute.c                 0x00000000   Number         0  compute.o ABSOLUTE
    HardWareDriver\delay.c                   0x00000000   Number         0  delay.o ABSOLUTE
    Lib\src\misc.c                           0x00000000   Number         0  misc.o ABSOLUTE
    Lib\src\stm32f10x_can.c                  0x00000000   Number         0  stm32f10x_can.o ABSOLUTE
    Lib\src\stm32f10x_dma.c                  0x00000000   Number         0  stm32f10x_dma.o ABSOLUTE
    Lib\src\stm32f10x_flash.c                0x00000000   Number         0  stm32f10x_flash.o ABSOLUTE
    Lib\src\stm32f10x_gpio.c                 0x00000000   Number         0  stm32f10x_gpio.o ABSOLUTE
    Lib\src\stm32f10x_rcc.c                  0x00000000   Number         0  stm32f10x_rcc.o ABSOLUTE
    Lib\src\stm32f10x_tim.c                  0x00000000   Number         0  stm32f10x_tim.o ABSOLUTE
    Lib\src\stm32f10x_usart.c                0x00000000   Number         0  stm32f10x_usart.o ABSOLUTE
    StartUp\\core_cm3.c                      0x00000000   Number         0  core_cm3.o ABSOLUTE
    StartUp\core_cm3.c                       0x00000000   Number         0  core_cm3.o ABSOLUTE
    StartUp\startup_stm32f10x_md.s           0x00000000   Number         0  startup_stm32f10x_md.o ABSOLUTE
    StartUp\system_stm32f10x.c               0x00000000   Number         0  system_stm32f10x.o ABSOLUTE
    User_Src\main.c                          0x00000000   Number         0  main.o ABSOLUTE
    User_Src\stm32f10x_it.c                  0x00000000   Number         0  stm32f10x_it.o ABSOLUTE
    dc.s                                     0x00000000   Number         0  dc.o ABSOLUTE
    RESET                                    0x08000000   Section      236  startup_stm32f10x_md.o(RESET)
    !!!main                                  0x080000ec   Section        8  __main.o(!!!main)
    !!!scatter                               0x080000f4   Section       52  __scatter.o(!!!scatter)
    !!handler_copy                           0x08000128   Section       26  __scatter_copy.o(!!handler_copy)
    !!handler_zi                             0x08000144   Section       28  __scatter_zi.o(!!handler_zi)
    .ARM.Collect$$libinit$$00000000          0x08000160   Section        2  libinit.o(.ARM.Collect$$libinit$$00000000)
    .ARM.Collect$$libinit$$00000002          0x08000162   Section        0  libinit2.o(.ARM.Collect$$libinit$$00000002)
    .ARM.Collect$$libinit$$00000004          0x08000162   Section        0  libinit2.o(.ARM.Collect$$libinit$$00000004)
    .ARM.Collect$$libinit$$0000000A          0x08000162   Section        0  libinit2.o(.ARM.Collect$$libinit$$0000000A)
    .ARM.Collect$$libinit$$0000000C          0x08000162   Section        0  libinit2.o(.ARM.Collect$$libinit$$0000000C)
    .ARM.Collect$$libinit$$0000000E          0x08000162   Section        0  libinit2.o(.ARM.Collect$$libinit$$0000000E)
    .ARM.Collect$$libinit$$00000011          0x08000162   Section        0  libinit2.o(.ARM.Collect$$libinit$$00000011)
    .ARM.Collect$$libinit$$00000013          0x08000162   Section        0  libinit2.o(.ARM.Collect$$libinit$$00000013)
    .ARM.Collect$$libinit$$00000015          0x08000162   Section        0  libinit2.o(.ARM.Collect$$libinit$$00000015)
    .ARM.Collect$$libinit$$00000017          0x08000162   Section        0  libinit2.o(.ARM.Collect$$libinit$$00000017)
    .ARM.Collect$$libinit$$00000019          0x08000162   Section        0  libinit2.o(.ARM.Collect$$libinit$$00000019)
    .ARM.Collect$$libinit$$0000001B          0x08000162   Section        0  libinit2.o(.ARM.Collect$$libinit$$0000001B)
    .ARM.Collect$$libinit$$0000001D          0x08000162   Section        0  libinit2.o(.ARM.Collect$$libinit$$0000001D)
    .ARM.Collect$$libinit$$0000001F          0x08000162   Section        0  libinit2.o(.ARM.Collect$$libinit$$0000001F)
    .ARM.Collect$$libinit$$00000021          0x08000162   Section        0  libinit2.o(.ARM.Collect$$libinit$$00000021)
    .ARM.Collect$$libinit$$00000023          0x08000162   Section        0  libinit2.o(.ARM.Collect$$libinit$$00000023)
    .ARM.Collect$$libinit$$00000025          0x08000162   Section        0  libinit2.o(.ARM.Collect$$libinit$$00000025)
    .ARM.Collect$$libinit$$0000002C          0x08000162   Section        0  libinit2.o(.ARM.Collect$$libinit$$0000002C)
    .ARM.Collect$$libinit$$0000002E          0x08000162   Section        0  libinit2.o(.ARM.Collect$$libinit$$0000002E)
    .ARM.Collect$$libinit$$00000030          0x08000162   Section        0  libinit2.o(.ARM.Collect$$libinit$$00000030)
    .ARM.Collect$$libinit$$00000032          0x08000162   Section        0  libinit2.o(.ARM.Collect$$libinit$$00000032)
    .ARM.Collect$$libinit$$00000033          0x08000162   Section        2  libinit2.o(.ARM.Collect$$libinit$$00000033)
    .ARM.Collect$$libshutdown$$00000000      0x08000164   Section        2  libshutdown.o(.ARM.Collect$$libshutdown$$00000000)
    .ARM.Collect$$libshutdown$$00000002      0x08000166   Section        0  libshutdown2.o(.ARM.Collect$$libshutdown$$00000002)
    .ARM.Collect$$libshutdown$$00000004      0x08000166   Section        0  libshutdown2.o(.ARM.Collect$$libshutdown$$00000004)
    .ARM.Collect$$libshutdown$$00000007      0x08000166   Section        0  libshutdown2.o(.ARM.Collect$$libshutdown$$00000007)
    .ARM.Collect$$libshutdown$$0000000A      0x08000166   Section        0  libshutdown2.o(.ARM.Collect$$libshutdown$$0000000A)
    .ARM.Collect$$libshutdown$$0000000C      0x08000166   Section        0  libshutdown2.o(.ARM.Collect$$libshutdown$$0000000C)
    .ARM.Collect$$libshutdown$$0000000F      0x08000166   Section        0  libshutdown2.o(.ARM.Collect$$libshutdown$$0000000F)
    .ARM.Collect$$libshutdown$$00000010      0x08000166   Section        2  libshutdown2.o(.ARM.Collect$$libshutdown$$00000010)
    .ARM.Collect$$rtentry$$00000000          0x08000168   Section        0  __rtentry.o(.ARM.Collect$$rtentry$$00000000)
    .ARM.Collect$$rtentry$$00000002          0x08000168   Section        0  __rtentry2.o(.ARM.Collect$$rtentry$$00000002)
    .ARM.Collect$$rtentry$$00000004          0x08000168   Section        6  __rtentry4.o(.ARM.Collect$$rtentry$$00000004)
    .ARM.Collect$$rtentry$$00000009          0x0800016e   Section        0  __rtentry2.o(.ARM.Collect$$rtentry$$00000009)
    .ARM.Collect$$rtentry$$0000000A          0x0800016e   Section        4  __rtentry2.o(.ARM.Collect$$rtentry$$0000000A)
    .ARM.Collect$$rtentry$$0000000C          0x08000172   Section        0  __rtentry2.o(.ARM.Collect$$rtentry$$0000000C)
    .ARM.Collect$$rtentry$$0000000D          0x08000172   Section        8  __rtentry2.o(.ARM.Collect$$rtentry$$0000000D)
    .ARM.Collect$$rtexit$$00000000           0x0800017a   Section        2  rtexit.o(.ARM.Collect$$rtexit$$00000000)
    .ARM.Collect$$rtexit$$00000002           0x0800017c   Section        0  rtexit2.o(.ARM.Collect$$rtexit$$00000002)
    .ARM.Collect$$rtexit$$00000003           0x0800017c   Section        4  rtexit2.o(.ARM.Collect$$rtexit$$00000003)
    .ARM.Collect$$rtexit$$00000004           0x08000180   Section        6  rtexit2.o(.ARM.Collect$$rtexit$$00000004)
    .text                                    0x08000188   Section        0  system_stm32f10x.o(.text)
    SetSysClockTo72                          0x08000189   Thumb Code   214  system_stm32f10x.o(.text)
    SetSysClock                              0x0800025f   Thumb Code     8  system_stm32f10x.o(.text)
    .text                                    0x08000368   Section       64  startup_stm32f10x_md.o(.text)
    .text                                    0x080003a8   Section        0  stm32f10x_can.o(.text)
    CheckITStatus                            0x08000bab   Thumb Code    18  stm32f10x_can.o(.text)
    .text                                    0x08000d98   Section        0  delay.o(.text)
    .text                                    0x08000e48   Section        0  uart2.o(.text)
    dma1_channel7_tx_nvic_config             0x08000e49   Thumb Code    30  uart2.o(.text)
    uart2_gpio_config                        0x08000e67   Thumb Code   126  uart2.o(.text)
    dma_uart2_config                         0x08000ee5   Thumb Code   102  uart2.o(.text)
    .text                                    0x08001190   Section        0  timer_config.o(.text)
    Tim3_NVIC_Config                         0x080011f7   Thumb Code    34  timer_config.o(.text)
    .text                                    0x080012f4   Section        0  uart1.o(.text)
    UART1_NVIC_Configuration                 0x08001351   Thumb Code    32  uart1.o(.text)
    .text                                    0x08001494   Section        0  ioi2c.o(.text)
    .text                                    0x080018dc   Section        0  compute.o(.text)
    .text                                    0x08001ad0   Section        0  gps.o(.text)
    .text                                    0x08001f10   Section        0  qmc5883l.o(.text)
    .text                                    0x08002100   Section        0  chipflash.o(.text)
    .text                                    0x080021c4   Section        0  main.o(.text)
    .text                                    0x08002298   Section        0  can_to_imu.o(.text)
    .text                                    0x080026d8   Section        0  stm32f10x_it.o(.text)
    .text                                    0x080026f4   Section        0  misc.o(.text)
    .text                                    0x080027d0   Section        0  stm32f10x_gpio.o(.text)
    .text                                    0x08002b2c   Section        0  stm32f10x_rcc.o(.text)
    .text                                    0x08002ed0   Section        0  stm32f10x_tim.o(.text)
    TI4_Config                               0x08003377   Thumb Code   130  stm32f10x_tim.o(.text)
    TI3_Config                               0x0800340b   Thumb Code   122  stm32f10x_tim.o(.text)
    TI2_Config                               0x0800349f   Thumb Code   130  stm32f10x_tim.o(.text)
    TI1_Config                               0x08003533   Thumb Code   108  stm32f10x_tim.o(.text)
    .text                                    0x08003cec   Section        0  stm32f10x_usart.o(.text)
    .text                                    0x080040f4   Section        0  stm32f10x_flash.o(.text)
    .text                                    0x080046b0   Section        0  stm32f10x_dma.o(.text)
    .text                                    0x08004904   Section      138  rt_memcpy_v6.o(.text)
    .text                                    0x0800498e   Section        0  heapauxi.o(.text)
    .text                                    0x08004994   Section      100  rt_memcpy_w.o(.text)
    .text                                    0x080049f8   Section       74  sys_stackheap_outer.o(.text)
    .text                                    0x08004a42   Section        0  exit.o(.text)
    .text                                    0x08004a54   Section        8  libspace.o(.text)
    .text                                    0x08004a5c   Section        0  sys_exit.o(.text)
    .text                                    0x08004a68   Section        2  use_no_semi.o(.text)
    .text                                    0x08004a6a   Section        0  indicate_semi.o(.text)
    x$fpl$fcmpinf                            0x08004a6a   Section       24  fcmpi.o(x$fpl$fcmpinf)
    x$fpl$fdiv                               0x08004a84   Section      388  fdiv.o(x$fpl$fdiv)
    _fdiv1                                   0x08004a85   Thumb Code     0  fdiv.o(x$fpl$fdiv)
    x$fpl$ffixu                              0x08004c08   Section       62  ffixu.o(x$fpl$ffixu)
    x$fpl$fflt                               0x08004c48   Section       48  fflt_clz.o(x$fpl$fflt)
    x$fpl$fleqf                              0x08004c78   Section      104  fleqf.o(x$fpl$fleqf)
    x$fpl$fmul                               0x08004ce0   Section      258  fmul.o(x$fpl$fmul)
    x$fpl$fnaninf                            0x08004de2   Section      140  fnaninf.o(x$fpl$fnaninf)
    x$fpl$fretinf                            0x08004e6e   Section       10  fretinf.o(x$fpl$fretinf)
    x$fpl$frleqf                             0x08004e78   Section       98  frleqf.o(x$fpl$frleqf)
    .constdata                               0x08004eda   Section      512  compute.o(.constdata)
    x$fpl$usenofp                            0x08004eda   Section        0  usenofp.o(x$fpl$usenofp)
    .data                                    0x20000000   Section       20  system_stm32f10x.o(.data)
    .data                                    0x20000014   Section        4  delay.o(.data)
    fac_us                                   0x20000014   Data           1  delay.o(.data)
    fac_ms                                   0x20000016   Data           2  delay.o(.data)
    .data                                    0x20000018   Section       12  timer_config.o(.data)
    .data                                    0x20000024   Section      193  gps.o(.data)
    .data                                    0x200000e8   Section       13  qmc5883l.o(.data)
    .data                                    0x200000f5   Section       20  stm32f10x_rcc.o(.data)
    APBAHBPrescTable                         0x200000f5   Data          16  stm32f10x_rcc.o(.data)
    ADCPrescTable                            0x20000105   Data           4  stm32f10x_rcc.o(.data)
    .bss                                     0x2000010c   Section       37  uart2.o(.bss)
    .bss                                     0x20000131   Section      120  uart1.o(.bss)
    .bss                                     0x200001a9   Section      200  gps.o(.bss)
    .bss                                     0x20000272   Section       36  qmc5883l.o(.bss)
    .bss                                     0x20000296   Section       12  chipflash.o(.bss)
    .bss                                     0x200002a4   Section       84  can_to_imu.o(.bss)
    .bss                                     0x200002f8   Section       96  libspace.o(.bss)
    HEAP                                     0x20000358   Section      512  startup_stm32f10x_md.o(HEAP)
    Heap_Mem                                 0x20000358   Data         512  startup_stm32f10x_md.o(HEAP)
    STACK                                    0x20000558   Section     1024  startup_stm32f10x_md.o(STACK)
    Stack_Mem                                0x20000558   Data        1024  startup_stm32f10x_md.o(STACK)
    __initial_sp                             0x20000958   Data           0  startup_stm32f10x_md.o(STACK)

    Global Symbols

    Symbol Name                              Value     Ov Type        Size  Object(Section)

    BuildAttributes$$THM_ISAv4$P$D$K$B$S$PE$A:L22UL41UL21$X:L11$S22US41US21$IEEE1$IW$USESV6$~STKCKD$USESV7$~SHL$OSPACE$ROPI$EBA8$UX$STANDARDLIB$REQ8$PRES8$EABIv2 0x00000000   Number         0  anon$$obj.o ABSOLUTE
    __ARM_use_no_argv                        0x00000000   Number         0  main.o ABSOLUTE
    __ARM_exceptions_init                     - Undefined Weak Reference
    __alloca_initialize                       - Undefined Weak Reference
    __arm_preinit_                            - Undefined Weak Reference
    __cpp_initialize__aeabi_                  - Undefined Weak Reference
    __cxa_finalize                            - Undefined Weak Reference
    __rt_locale                               - Undefined Weak Reference
    __sigvec_lookup                           - Undefined Weak Reference
    _atexit_init                              - Undefined Weak Reference
    _call_atexit_fns                          - Undefined Weak Reference
    _clock_init                               - Undefined Weak Reference
    _fp_trap_init                             - Undefined Weak Reference
    _fp_trap_shutdown                         - Undefined Weak Reference
    _get_lc_collate                           - Undefined Weak Reference
    _get_lc_ctype                             - Undefined Weak Reference
    _get_lc_monetary                          - Undefined Weak Reference
    _get_lc_numeric                           - Undefined Weak Reference
    _get_lc_time                              - Undefined Weak Reference
    _getenv_init                              - Undefined Weak Reference
    _handle_redirection                       - Undefined Weak Reference
    _init_alloc                               - Undefined Weak Reference
    _init_user_alloc                          - Undefined Weak Reference
    _initio                                   - Undefined Weak Reference
    _rand_init                                - Undefined Weak Reference
    _signal_finish                            - Undefined Weak Reference
    _signal_init                              - Undefined Weak Reference
    _terminate_alloc                          - Undefined Weak Reference
    _terminate_user_alloc                     - Undefined Weak Reference
    _terminateio                              - Undefined Weak Reference
    __Vectors_Size                           0x000000ec   Number         0  startup_stm32f10x_md.o ABSOLUTE
    __Vectors                                0x08000000   Data           4  startup_stm32f10x_md.o(RESET)
    __Vectors_End                            0x080000ec   Data           0  startup_stm32f10x_md.o(RESET)
    __main                                   0x080000ed   Thumb Code     8  __main.o(!!!main)
    __scatterload                            0x080000f5   Thumb Code     0  __scatter.o(!!!scatter)
    __scatterload_rt2                        0x080000f5   Thumb Code    44  __scatter.o(!!!scatter)
    __scatterload_rt2_thumb_only             0x080000f5   Thumb Code     0  __scatter.o(!!!scatter)
    __scatterload_null                       0x08000103   Thumb Code     0  __scatter.o(!!!scatter)
    __scatterload_copy                       0x08000129   Thumb Code    26  __scatter_copy.o(!!handler_copy)
    __scatterload_zeroinit                   0x08000145   Thumb Code    28  __scatter_zi.o(!!handler_zi)
    __rt_lib_init                            0x08000161   Thumb Code     0  libinit.o(.ARM.Collect$$libinit$$00000000)
    __rt_lib_init_alloca_1                   0x08000163   Thumb Code     0  libinit2.o(.ARM.Collect$$libinit$$0000002E)
    __rt_lib_init_argv_1                     0x08000163   Thumb Code     0  libinit2.o(.ARM.Collect$$libinit$$0000002C)
    __rt_lib_init_atexit_1                   0x08000163   Thumb Code     0  libinit2.o(.ARM.Collect$$libinit$$0000001B)
    __rt_lib_init_clock_1                    0x08000163   Thumb Code     0  libinit2.o(.ARM.Collect$$libinit$$00000021)
    __rt_lib_init_cpp_1                      0x08000163   Thumb Code     0  libinit2.o(.ARM.Collect$$libinit$$00000032)
    __rt_lib_init_exceptions_1               0x08000163   Thumb Code     0  libinit2.o(.ARM.Collect$$libinit$$00000030)
    __rt_lib_init_fp_1                       0x08000163   Thumb Code     0  libinit2.o(.ARM.Collect$$libinit$$00000002)
    __rt_lib_init_fp_trap_1                  0x08000163   Thumb Code     0  libinit2.o(.ARM.Collect$$libinit$$0000001F)
    __rt_lib_init_getenv_1                   0x08000163   Thumb Code     0  libinit2.o(.ARM.Collect$$libinit$$00000023)
    __rt_lib_init_heap_1                     0x08000163   Thumb Code     0  libinit2.o(.ARM.Collect$$libinit$$0000000A)
    __rt_lib_init_lc_collate_1               0x08000163   Thumb Code     0  libinit2.o(.ARM.Collect$$libinit$$00000011)
    __rt_lib_init_lc_ctype_1                 0x08000163   Thumb Code     0  libinit2.o(.ARM.Collect$$libinit$$00000013)
    __rt_lib_init_lc_monetary_1              0x08000163   Thumb Code     0  libinit2.o(.ARM.Collect$$libinit$$00000015)
    __rt_lib_init_lc_numeric_1               0x08000163   Thumb Code     0  libinit2.o(.ARM.Collect$$libinit$$00000017)
    __rt_lib_init_lc_time_1                  0x08000163   Thumb Code     0  libinit2.o(.ARM.Collect$$libinit$$00000019)
    __rt_lib_init_preinit_1                  0x08000163   Thumb Code     0  libinit2.o(.ARM.Collect$$libinit$$00000004)
    __rt_lib_init_rand_1                     0x08000163   Thumb Code     0  libinit2.o(.ARM.Collect$$libinit$$0000000E)
    __rt_lib_init_return                     0x08000163   Thumb Code     0  libinit2.o(.ARM.Collect$$libinit$$00000033)
    __rt_lib_init_signal_1                   0x08000163   Thumb Code     0  libinit2.o(.ARM.Collect$$libinit$$0000001D)
    __rt_lib_init_stdio_1                    0x08000163   Thumb Code     0  libinit2.o(.ARM.Collect$$libinit$$00000025)
    __rt_lib_init_user_alloc_1               0x08000163   Thumb Code     0  libinit2.o(.ARM.Collect$$libinit$$0000000C)
    __rt_lib_shutdown                        0x08000165   Thumb Code     0  libshutdown.o(.ARM.Collect$$libshutdown$$00000000)
    __rt_lib_shutdown_cpp_1                  0x08000167   Thumb Code     0  libshutdown2.o(.ARM.Collect$$libshutdown$$00000002)
    __rt_lib_shutdown_fp_trap_1              0x08000167   Thumb Code     0  libshutdown2.o(.ARM.Collect$$libshutdown$$00000007)
    __rt_lib_shutdown_heap_1                 0x08000167   Thumb Code     0  libshutdown2.o(.ARM.Collect$$libshutdown$$0000000F)
    __rt_lib_shutdown_return                 0x08000167   Thumb Code     0  libshutdown2.o(.ARM.Collect$$libshutdown$$00000010)
    __rt_lib_shutdown_signal_1               0x08000167   Thumb Code     0  libshutdown2.o(.ARM.Collect$$libshutdown$$0000000A)
    __rt_lib_shutdown_stdio_1                0x08000167   Thumb Code     0  libshutdown2.o(.ARM.Collect$$libshutdown$$00000004)
    __rt_lib_shutdown_user_alloc_1           0x08000167   Thumb Code     0  libshutdown2.o(.ARM.Collect$$libshutdown$$0000000C)
    __rt_entry                               0x08000169   Thumb Code     0  __rtentry.o(.ARM.Collect$$rtentry$$00000000)
    __rt_entry_presh_1                       0x08000169   Thumb Code     0  __rtentry2.o(.ARM.Collect$$rtentry$$00000002)
    __rt_entry_sh                            0x08000169   Thumb Code     0  __rtentry4.o(.ARM.Collect$$rtentry$$00000004)
    __rt_entry_li                            0x0800016f   Thumb Code     0  __rtentry2.o(.ARM.Collect$$rtentry$$0000000A)
    __rt_entry_postsh_1                      0x0800016f   Thumb Code     0  __rtentry2.o(.ARM.Collect$$rtentry$$00000009)
    __rt_entry_main                          0x08000173   Thumb Code     0  __rtentry2.o(.ARM.Collect$$rtentry$$0000000D)
    __rt_entry_postli_1                      0x08000173   Thumb Code     0  __rtentry2.o(.ARM.Collect$$rtentry$$0000000C)
    __rt_exit                                0x0800017b   Thumb Code     0  rtexit.o(.ARM.Collect$$rtexit$$00000000)
    __rt_exit_ls                             0x0800017d   Thumb Code     0  rtexit2.o(.ARM.Collect$$rtexit$$00000003)
    __rt_exit_prels_1                        0x0800017d   Thumb Code     0  rtexit2.o(.ARM.Collect$$rtexit$$00000002)
    __rt_exit_exit                           0x08000181   Thumb Code     0  rtexit2.o(.ARM.Collect$$rtexit$$00000004)
    SystemInit                               0x08000267   Thumb Code    78  system_stm32f10x.o(.text)
    SystemCoreClockUpdate                    0x080002b5   Thumb Code   142  system_stm32f10x.o(.text)
    Reset_Handler                            0x08000369   Thumb Code     8  startup_stm32f10x_md.o(.text)
    ADC1_2_IRQHandler                        0x08000383   Thumb Code     0  startup_stm32f10x_md.o(.text)
    CAN1_RX1_IRQHandler                      0x08000383   Thumb Code     0  startup_stm32f10x_md.o(.text)
    CAN1_SCE_IRQHandler                      0x08000383   Thumb Code     0  startup_stm32f10x_md.o(.text)
    DMA1_Channel1_IRQHandler                 0x08000383   Thumb Code     0  startup_stm32f10x_md.o(.text)
    DMA1_Channel2_IRQHandler                 0x08000383   Thumb Code     0  startup_stm32f10x_md.o(.text)
    DMA1_Channel3_IRQHandler                 0x08000383   Thumb Code     0  startup_stm32f10x_md.o(.text)
    DMA1_Channel4_IRQHandler                 0x08000383   Thumb Code     0  startup_stm32f10x_md.o(.text)
    DMA1_Channel5_IRQHandler                 0x08000383   Thumb Code     0  startup_stm32f10x_md.o(.text)
    DMA1_Channel6_IRQHandler                 0x08000383   Thumb Code     0  startup_stm32f10x_md.o(.text)
    EXTI0_IRQHandler                         0x08000383   Thumb Code     0  startup_stm32f10x_md.o(.text)
    EXTI15_10_IRQHandler                     0x08000383   Thumb Code     0  startup_stm32f10x_md.o(.text)
    EXTI1_IRQHandler                         0x08000383   Thumb Code     0  startup_stm32f10x_md.o(.text)
    EXTI2_IRQHandler                         0x08000383   Thumb Code     0  startup_stm32f10x_md.o(.text)
    EXTI3_IRQHandler                         0x08000383   Thumb Code     0  startup_stm32f10x_md.o(.text)
    EXTI4_IRQHandler                         0x08000383   Thumb Code     0  startup_stm32f10x_md.o(.text)
    EXTI9_5_IRQHandler                       0x08000383   Thumb Code     0  startup_stm32f10x_md.o(.text)
    FLASH_IRQHandler                         0x08000383   Thumb Code     0  startup_stm32f10x_md.o(.text)
    I2C1_ER_IRQHandler                       0x08000383   Thumb Code     0  startup_stm32f10x_md.o(.text)
    I2C1_EV_IRQHandler                       0x08000383   Thumb Code     0  startup_stm32f10x_md.o(.text)
    I2C2_ER_IRQHandler                       0x08000383   Thumb Code     0  startup_stm32f10x_md.o(.text)
    I2C2_EV_IRQHandler                       0x08000383   Thumb Code     0  startup_stm32f10x_md.o(.text)
    PVD_IRQHandler                           0x08000383   Thumb Code     0  startup_stm32f10x_md.o(.text)
    RCC_IRQHandler                           0x08000383   Thumb Code     0  startup_stm32f10x_md.o(.text)
    RTCAlarm_IRQHandler                      0x08000383   Thumb Code     0  startup_stm32f10x_md.o(.text)
    RTC_IRQHandler                           0x08000383   Thumb Code     0  startup_stm32f10x_md.o(.text)
    SPI1_IRQHandler                          0x08000383   Thumb Code     0  startup_stm32f10x_md.o(.text)
    SPI2_IRQHandler                          0x08000383   Thumb Code     0  startup_stm32f10x_md.o(.text)
    TAMPER_IRQHandler                        0x08000383   Thumb Code     0  startup_stm32f10x_md.o(.text)
    TIM1_BRK_IRQHandler                      0x08000383   Thumb Code     0  startup_stm32f10x_md.o(.text)
    TIM1_CC_IRQHandler                       0x08000383   Thumb Code     0  startup_stm32f10x_md.o(.text)
    TIM1_TRG_COM_IRQHandler                  0x08000383   Thumb Code     0  startup_stm32f10x_md.o(.text)
    TIM1_UP_IRQHandler                       0x08000383   Thumb Code     0  startup_stm32f10x_md.o(.text)
    TIM2_IRQHandler                          0x08000383   Thumb Code     0  startup_stm32f10x_md.o(.text)
    TIM4_IRQHandler                          0x08000383   Thumb Code     0  startup_stm32f10x_md.o(.text)
    USART2_IRQHandler                        0x08000383   Thumb Code     0  startup_stm32f10x_md.o(.text)
    USART3_IRQHandler                        0x08000383   Thumb Code     0  startup_stm32f10x_md.o(.text)
    USBWakeUp_IRQHandler                     0x08000383   Thumb Code     0  startup_stm32f10x_md.o(.text)
    USB_HP_CAN1_TX_IRQHandler                0x08000383   Thumb Code     0  startup_stm32f10x_md.o(.text)
    WWDG_IRQHandler                          0x08000383   Thumb Code     0  startup_stm32f10x_md.o(.text)
    __user_initial_stackheap                 0x08000385   Thumb Code     0  startup_stm32f10x_md.o(.text)
    CAN_DeInit                               0x080003a9   Thumb Code    50  stm32f10x_can.o(.text)
    CAN_Init                                 0x080003db   Thumb Code   276  stm32f10x_can.o(.text)
    CAN_FilterInit                           0x080004ef   Thumb Code   258  stm32f10x_can.o(.text)
    CAN_StructInit                           0x080005f1   Thumb Code    32  stm32f10x_can.o(.text)
    CAN_SlaveStartBank                       0x08000611   Thumb Code    48  stm32f10x_can.o(.text)
    CAN_DBGFreeze                            0x08000641   Thumb Code    22  stm32f10x_can.o(.text)
    CAN_TTComModeCmd                         0x08000657   Thumb Code   118  stm32f10x_can.o(.text)
    CAN_Transmit                             0x080006cd   Thumb Code   304  stm32f10x_can.o(.text)
    CAN_TransmitStatus                       0x080007fd   Thumb Code   138  stm32f10x_can.o(.text)
    CAN_CancelTransmit                       0x08000887   Thumb Code    48  stm32f10x_can.o(.text)
    CAN_Receive                              0x080008b7   Thumb Code   240  stm32f10x_can.o(.text)
    CAN_FIFORelease                          0x080009a7   Thumb Code    22  stm32f10x_can.o(.text)
    CAN_MessagePending                       0x080009bd   Thumb Code    30  stm32f10x_can.o(.text)
    CAN_OperatingModeRequest                 0x080009db   Thumb Code   162  stm32f10x_can.o(.text)
    CAN_Sleep                                0x08000a7d   Thumb Code    30  stm32f10x_can.o(.text)
    CAN_WakeUp                               0x08000a9b   Thumb Code    48  stm32f10x_can.o(.text)
    CAN_GetLastErrorCode                     0x08000acb   Thumb Code    12  stm32f10x_can.o(.text)
    CAN_GetReceiveErrorCounter               0x08000ad7   Thumb Code    10  stm32f10x_can.o(.text)
    CAN_GetLSBTransmitErrorCounter           0x08000ae1   Thumb Code    12  stm32f10x_can.o(.text)
    CAN_ITConfig                             0x08000aed   Thumb Code    18  stm32f10x_can.o(.text)
    CAN_GetFlagStatus                        0x08000aff   Thumb Code   120  stm32f10x_can.o(.text)
    CAN_ClearFlag                            0x08000b77   Thumb Code    52  stm32f10x_can.o(.text)
    CAN_GetITStatus                          0x08000bbd   Thumb Code   310  stm32f10x_can.o(.text)
    CAN_ClearITPendingBit                    0x08000cf3   Thumb Code   162  stm32f10x_can.o(.text)
    delay_init                               0x08000d99   Thumb Code    56  delay.o(.text)
    delay_ms                                 0x08000dd1   Thumb Code    56  delay.o(.text)
    delay_us                                 0x08000e09   Thumb Code    56  delay.o(.text)
    UART2_Init                               0x08000f4b   Thumb Code    20  uart2.o(.text)
    UART2_Put_Char                           0x08000f5f   Thumb Code    28  uart2.o(.text)
    UART2_Send_Buf                           0x08000f7b   Thumb Code    28  uart2.o(.text)
    DMA1_Channel7_IRQHandler                 0x08000f97   Thumb Code    38  uart2.o(.text)
    open_dma1_channel7_tx                    0x08000fbd   Thumb Code    30  uart2.o(.text)
    UART2_Report_GPS                         0x08000fdb   Thumb Code   202  uart2.o(.text)
    UART2_Report_MAG                         0x080010a5   Thumb Code   136  uart2.o(.text)
    system_init                              0x08001191   Thumb Code   102  timer_config.o(.text)
    Initial_Timer3                           0x08001219   Thumb Code    80  timer_config.o(.text)
    TIM3_IRQHandler                          0x08001269   Thumb Code    94  timer_config.o(.text)
    micros                                   0x080012c7   Thumb Code    16  timer_config.o(.text)
    UART1_RX_DMA_Config                      0x080012f5   Thumb Code    92  uart1.o(.text)
    UART1_Init                               0x08001371   Thumb Code   134  uart1.o(.text)
    UART1_Put_Char                           0x080013f7   Thumb Code    32  uart1.o(.text)
    UART1_Send_Buf                           0x08001417   Thumb Code    28  uart1.o(.text)
    USART1_IRQHandler                        0x08001433   Thumb Code    72  uart1.o(.text)
    IIC_Init                                 0x08001495   Thumb Code    40  ioi2c.o(.text)
    IIC_Start                                0x080014bd   Thumb Code    68  ioi2c.o(.text)
    IIC_Stop                                 0x08001501   Thumb Code    78  ioi2c.o(.text)
    IIC_Wait_Ack                             0x0800154f   Thumb Code   100  ioi2c.o(.text)
    IIC_Ack                                  0x080015b3   Thumb Code    74  ioi2c.o(.text)
    IIC_NAck                                 0x080015fd   Thumb Code    74  ioi2c.o(.text)
    IIC_Send_Byte                            0x08001647   Thumb Code    90  ioi2c.o(.text)
    IIC_Read_Byte                            0x080016a1   Thumb Code   104  ioi2c.o(.text)
    I2C_ReadOneByte                          0x08001709   Thumb Code    70  ioi2c.o(.text)
    IICreadBytes                             0x0800174f   Thumb Code   100  ioi2c.o(.text)
    IICwriteBytes                            0x080017b3   Thumb Code    70  ioi2c.o(.text)
    IICreadByte                              0x080017f9   Thumb Code    22  ioi2c.o(.text)
    IICwriteByte                             0x0800180f   Thumb Code    20  ioi2c.o(.text)
    IICwriteBits                             0x08001823   Thumb Code   106  ioi2c.o(.text)
    IICwriteBit                              0x0800188d   Thumb Code    78  ioi2c.o(.text)
    buf2float                                0x080018dd   Thumb Code    26  compute.o(.text)
    buf2long                                 0x080018f7   Thumb Code    26  compute.o(.text)
    buf2int                                  0x08001911   Thumb Code    26  compute.o(.text)
    buf2short                                0x0800192b   Thumb Code    26  compute.o(.text)
    float2buf                                0x08001945   Thumb Code    26  compute.o(.text)
    int2buf                                  0x0800195f   Thumb Code    26  compute.o(.text)
    short2buf                                0x08001979   Thumb Code    26  compute.o(.text)
    Math_fConstrain                          0x08001993   Thumb Code    38  compute.o(.text)
    Math_abs                                 0x080019b9   Thumb Code    18  compute.o(.text)
    Math_min                                 0x080019cb   Thumb Code    14  compute.o(.text)
    Math_max                                 0x080019d9   Thumb Code    14  compute.o(.text)
    Get_Crc16                                0x080019e7   Thumb Code    48  compute.o(.text)
    Get_Crc8                                 0x08001a17   Thumb Code    56  compute.o(.text)
    Checksum_Sum                             0x08001a4f   Thumb Code    50  compute.o(.text)
    cal_crc16                                0x08001a81   Thumb Code    70  compute.o(.text)
    Config_Gps                               0x08001ad1   Thumb Code   126  gps.o(.text)
    GPS_Decode                               0x08001b4f   Thumb Code   698  gps.o(.text)
    Check_Gps_Status                         0x08001e09   Thumb Code   116  gps.o(.text)
    QMC58X3_newValues                        0x08001f11   Thumb Code   176  qmc5883l.o(.text)
    QMC58X3_getRaw                           0x08001fc1   Thumb Code   116  qmc5883l.o(.text)
    QMC58X3_FIFO_init                        0x08002035   Thumb Code    32  qmc5883l.o(.text)
    QMC5883L_SetUp                           0x08002055   Thumb Code    64  qmc5883l.o(.text)
    Read_5883                                0x08002095   Thumb Code    82  qmc5883l.o(.text)
    FLASH_ReadHalfWord                       0x08002101   Thumb Code     6  chipflash.o(.text)
    FLASH_ReadMoreData                       0x08002107   Thumb Code    58  chipflash.o(.text)
    FLASH_ReadWord                           0x08002141   Thumb Code    16  chipflash.o(.text)
    FLASH_WriteMoreData                      0x08002151   Thumb Code   110  chipflash.o(.text)
    main                                     0x080021c5   Thumb Code   190  main.o(.text)
    CAN1_Mode_Init                           0x08002299   Thumb Code   258  can_to_imu.o(.text)
    USER_CAN_TRANSMIT                        0x0800239b   Thumb Code   212  can_to_imu.o(.text)
    USB_LP_CAN1_RX0_IRQHandler               0x0800246f   Thumb Code    30  can_to_imu.o(.text)
    can_transmit_gps                         0x0800248d   Thumb Code    50  can_to_imu.o(.text)
    Send_Gps                                 0x080024bf   Thumb Code   294  can_to_imu.o(.text)
    can_transmit_mag                         0x080025e5   Thumb Code    50  can_to_imu.o(.text)
    Send_Mag                                 0x08002617   Thumb Code    70  can_to_imu.o(.text)
    NMI_Handler                              0x080026d9   Thumb Code     2  stm32f10x_it.o(.text)
    HardFault_Handler                        0x080026db   Thumb Code     4  stm32f10x_it.o(.text)
    MemManage_Handler                        0x080026df   Thumb Code     4  stm32f10x_it.o(.text)
    BusFault_Handler                         0x080026e3   Thumb Code     4  stm32f10x_it.o(.text)
    UsageFault_Handler                       0x080026e7   Thumb Code     4  stm32f10x_it.o(.text)
    SVC_Handler                              0x080026eb   Thumb Code     2  stm32f10x_it.o(.text)
    DebugMon_Handler                         0x080026ed   Thumb Code     2  stm32f10x_it.o(.text)
    PendSV_Handler                           0x080026ef   Thumb Code     2  stm32f10x_it.o(.text)
    SysTick_Handler                          0x080026f1   Thumb Code     2  stm32f10x_it.o(.text)
    NVIC_PriorityGroupConfig                 0x080026f5   Thumb Code    10  misc.o(.text)
    NVIC_Init                                0x080026ff   Thumb Code   100  misc.o(.text)
    NVIC_SetVectorTable                      0x08002763   Thumb Code    14  misc.o(.text)
    NVIC_SystemLPConfig                      0x08002771   Thumb Code    34  misc.o(.text)
    SysTick_CLKSourceConfig                  0x08002793   Thumb Code    40  misc.o(.text)
    GPIO_DeInit                              0x080027d1   Thumb Code   172  stm32f10x_gpio.o(.text)
    GPIO_AFIODeInit                          0x0800287d   Thumb Code    20  stm32f10x_gpio.o(.text)
    GPIO_Init                                0x08002891   Thumb Code   278  stm32f10x_gpio.o(.text)
    GPIO_StructInit                          0x080029a7   Thumb Code    16  stm32f10x_gpio.o(.text)
    GPIO_ReadInputDataBit                    0x080029b7   Thumb Code    18  stm32f10x_gpio.o(.text)
    GPIO_ReadInputData                       0x080029c9   Thumb Code     8  stm32f10x_gpio.o(.text)
    GPIO_ReadOutputDataBit                   0x080029d1   Thumb Code    18  stm32f10x_gpio.o(.text)
    GPIO_ReadOutputData                      0x080029e3   Thumb Code     8  stm32f10x_gpio.o(.text)
    GPIO_SetBits                             0x080029eb   Thumb Code     4  stm32f10x_gpio.o(.text)
    GPIO_ResetBits                           0x080029ef   Thumb Code     4  stm32f10x_gpio.o(.text)
    GPIO_WriteBit                            0x080029f3   Thumb Code    10  stm32f10x_gpio.o(.text)
    GPIO_Write                               0x080029fd   Thumb Code     4  stm32f10x_gpio.o(.text)
    GPIO_PinLockConfig                       0x08002a01   Thumb Code    18  stm32f10x_gpio.o(.text)
    GPIO_EventOutputConfig                   0x08002a13   Thumb Code    26  stm32f10x_gpio.o(.text)
    GPIO_EventOutputCmd                      0x08002a2d   Thumb Code     6  stm32f10x_gpio.o(.text)
    GPIO_PinRemapConfig                      0x08002a33   Thumb Code   138  stm32f10x_gpio.o(.text)
    GPIO_EXTILineConfig                      0x08002abd   Thumb Code    66  stm32f10x_gpio.o(.text)
    GPIO_ETH_MediaInterfaceConfig            0x08002aff   Thumb Code     8  stm32f10x_gpio.o(.text)
    RCC_DeInit                               0x08002b2d   Thumb Code    64  stm32f10x_rcc.o(.text)
    RCC_HSEConfig                            0x08002b6d   Thumb Code    70  stm32f10x_rcc.o(.text)
    RCC_GetFlagStatus                        0x08002bb3   Thumb Code    56  stm32f10x_rcc.o(.text)
    RCC_WaitForHSEStartUp                    0x08002beb   Thumb Code    56  stm32f10x_rcc.o(.text)
    RCC_AdjustHSICalibrationValue            0x08002c23   Thumb Code    20  stm32f10x_rcc.o(.text)
    RCC_HSICmd                               0x08002c37   Thumb Code     6  stm32f10x_rcc.o(.text)
    RCC_PLLConfig                            0x08002c3d   Thumb Code    24  stm32f10x_rcc.o(.text)
    RCC_PLLCmd                               0x08002c55   Thumb Code     6  stm32f10x_rcc.o(.text)
    RCC_SYSCLKConfig                         0x08002c5b   Thumb Code    18  stm32f10x_rcc.o(.text)
    RCC_GetSYSCLKSource                      0x08002c6d   Thumb Code    10  stm32f10x_rcc.o(.text)
    RCC_HCLKConfig                           0x08002c77   Thumb Code    18  stm32f10x_rcc.o(.text)
    RCC_PCLK1Config                          0x08002c89   Thumb Code    18  stm32f10x_rcc.o(.text)
    RCC_PCLK2Config                          0x08002c9b   Thumb Code    20  stm32f10x_rcc.o(.text)
    RCC_ITConfig                             0x08002caf   Thumb Code    26  stm32f10x_rcc.o(.text)
    RCC_USBCLKConfig                         0x08002cc9   Thumb Code     8  stm32f10x_rcc.o(.text)
    RCC_ADCCLKConfig                         0x08002cd1   Thumb Code    18  stm32f10x_rcc.o(.text)
    RCC_LSEConfig                            0x08002ce3   Thumb Code    50  stm32f10x_rcc.o(.text)
    RCC_LSICmd                               0x08002d15   Thumb Code     6  stm32f10x_rcc.o(.text)
    RCC_RTCCLKConfig                         0x08002d1b   Thumb Code    12  stm32f10x_rcc.o(.text)
    RCC_RTCCLKCmd                            0x08002d27   Thumb Code     8  stm32f10x_rcc.o(.text)
    RCC_GetClocksFreq                        0x08002d2f   Thumb Code   192  stm32f10x_rcc.o(.text)
    RCC_AHBPeriphClockCmd                    0x08002def   Thumb Code    26  stm32f10x_rcc.o(.text)
    RCC_APB2PeriphClockCmd                   0x08002e09   Thumb Code    26  stm32f10x_rcc.o(.text)
    RCC_APB1PeriphClockCmd                   0x08002e23   Thumb Code    26  stm32f10x_rcc.o(.text)
    RCC_APB2PeriphResetCmd                   0x08002e3d   Thumb Code    26  stm32f10x_rcc.o(.text)
    RCC_APB1PeriphResetCmd                   0x08002e57   Thumb Code    26  stm32f10x_rcc.o(.text)
    RCC_BackupResetCmd                       0x08002e71   Thumb Code     8  stm32f10x_rcc.o(.text)
    RCC_ClockSecuritySystemCmd               0x08002e79   Thumb Code     6  stm32f10x_rcc.o(.text)
    RCC_MCOConfig                            0x08002e7f   Thumb Code     6  stm32f10x_rcc.o(.text)
    RCC_ClearFlag                            0x08002e85   Thumb Code    14  stm32f10x_rcc.o(.text)
    RCC_GetITStatus                          0x08002e93   Thumb Code    20  stm32f10x_rcc.o(.text)
    RCC_ClearITPendingBit                    0x08002ea7   Thumb Code     6  stm32f10x_rcc.o(.text)
    TIM_DeInit                               0x08002ed1   Thumb Code   424  stm32f10x_tim.o(.text)
    TIM_TimeBaseInit                         0x08003079   Thumb Code   122  stm32f10x_tim.o(.text)
    TIM_OC1Init                              0x080030f3   Thumb Code   132  stm32f10x_tim.o(.text)
    TIM_OC2Init                              0x08003177   Thumb Code   154  stm32f10x_tim.o(.text)
    TIM_OC3Init                              0x08003211   Thumb Code   150  stm32f10x_tim.o(.text)
    TIM_OC4Init                              0x080032a7   Thumb Code   182  stm32f10x_tim.o(.text)
    TIM_SetIC4Prescaler                      0x0800335d   Thumb Code    26  stm32f10x_tim.o(.text)
    TIM_SetIC3Prescaler                      0x080033f9   Thumb Code    18  stm32f10x_tim.o(.text)
    TIM_SetIC2Prescaler                      0x08003485   Thumb Code    26  stm32f10x_tim.o(.text)
    TIM_SetIC1Prescaler                      0x08003521   Thumb Code    18  stm32f10x_tim.o(.text)
    TIM_ICInit                               0x0800359f   Thumb Code   150  stm32f10x_tim.o(.text)
    TIM_PWMIConfig                           0x08003635   Thumb Code   124  stm32f10x_tim.o(.text)
    TIM_BDTRConfig                           0x080036b1   Thumb Code    32  stm32f10x_tim.o(.text)
    TIM_TimeBaseStructInit                   0x080036d1   Thumb Code    18  stm32f10x_tim.o(.text)
    TIM_OCStructInit                         0x080036e3   Thumb Code    20  stm32f10x_tim.o(.text)
    TIM_ICStructInit                         0x080036f7   Thumb Code    18  stm32f10x_tim.o(.text)
    TIM_BDTRStructInit                       0x08003709   Thumb Code    40  stm32f10x_tim.o(.text)
    TIM_Cmd                                  0x08003731   Thumb Code    24  stm32f10x_tim.o(.text)
    TIM_CtrlPWMOutputs                       0x08003749   Thumb Code    30  stm32f10x_tim.o(.text)
    TIM_ITConfig                             0x08003767   Thumb Code    18  stm32f10x_tim.o(.text)
    TIM_GenerateEvent                        0x08003779   Thumb Code     4  stm32f10x_tim.o(.text)
    TIM_DMAConfig                            0x0800377d   Thumb Code    10  stm32f10x_tim.o(.text)
    TIM_DMACmd                               0x08003787   Thumb Code    18  stm32f10x_tim.o(.text)
    TIM_InternalClockConfig                  0x08003799   Thumb Code    12  stm32f10x_tim.o(.text)
    TIM_SelectInputTrigger                   0x080037a5   Thumb Code    18  stm32f10x_tim.o(.text)
    TIM_ITRxExternalClockConfig              0x080037b7   Thumb Code    24  stm32f10x_tim.o(.text)
    TIM_TIxExternalClockConfig               0x080037cf   Thumb Code    62  stm32f10x_tim.o(.text)
    TIM_ETRConfig                            0x0800380d   Thumb Code    28  stm32f10x_tim.o(.text)
    TIM_ETRClockMode1Config                  0x08003829   Thumb Code    54  stm32f10x_tim.o(.text)
    TIM_ETRClockMode2Config                  0x0800385f   Thumb Code    32  stm32f10x_tim.o(.text)
    TIM_PrescalerConfig                      0x0800387f   Thumb Code     6  stm32f10x_tim.o(.text)
    TIM_CounterModeConfig                    0x08003885   Thumb Code    18  stm32f10x_tim.o(.text)
    TIM_EncoderInterfaceConfig               0x08003897   Thumb Code    66  stm32f10x_tim.o(.text)
    TIM_ForcedOC1Config                      0x080038d9   Thumb Code    18  stm32f10x_tim.o(.text)
    TIM_ForcedOC2Config                      0x080038eb   Thumb Code    26  stm32f10x_tim.o(.text)
    TIM_ForcedOC3Config                      0x08003905   Thumb Code    18  stm32f10x_tim.o(.text)
    TIM_ForcedOC4Config                      0x08003917   Thumb Code    26  stm32f10x_tim.o(.text)
    TIM_ARRPreloadConfig                     0x08003931   Thumb Code    24  stm32f10x_tim.o(.text)
    TIM_SelectCOM                            0x08003949   Thumb Code    24  stm32f10x_tim.o(.text)
    TIM_SelectCCDMA                          0x08003961   Thumb Code    24  stm32f10x_tim.o(.text)
    TIM_CCPreloadControl                     0x08003979   Thumb Code    24  stm32f10x_tim.o(.text)
    TIM_OC1PreloadConfig                     0x08003991   Thumb Code    18  stm32f10x_tim.o(.text)
    TIM_OC2PreloadConfig                     0x080039a3   Thumb Code    26  stm32f10x_tim.o(.text)
    TIM_OC3PreloadConfig                     0x080039bd   Thumb Code    18  stm32f10x_tim.o(.text)
    TIM_OC4PreloadConfig                     0x080039cf   Thumb Code    26  stm32f10x_tim.o(.text)
    TIM_OC1FastConfig                        0x080039e9   Thumb Code    18  stm32f10x_tim.o(.text)
    TIM_OC2FastConfig                        0x080039fb   Thumb Code    26  stm32f10x_tim.o(.text)
    TIM_OC3FastConfig                        0x08003a15   Thumb Code    18  stm32f10x_tim.o(.text)
    TIM_OC4FastConfig                        0x08003a27   Thumb Code    26  stm32f10x_tim.o(.text)
    TIM_ClearOC1Ref                          0x08003a41   Thumb Code    18  stm32f10x_tim.o(.text)
    TIM_ClearOC2Ref                          0x08003a53   Thumb Code    24  stm32f10x_tim.o(.text)
    TIM_ClearOC3Ref                          0x08003a6b   Thumb Code    18  stm32f10x_tim.o(.text)
    TIM_ClearOC4Ref                          0x08003a7d   Thumb Code    24  stm32f10x_tim.o(.text)
    TIM_OC1PolarityConfig                    0x08003a95   Thumb Code    18  stm32f10x_tim.o(.text)
    TIM_OC1NPolarityConfig                   0x08003aa7   Thumb Code    18  stm32f10x_tim.o(.text)
    TIM_OC2PolarityConfig                    0x08003ab9   Thumb Code    26  stm32f10x_tim.o(.text)
    TIM_OC2NPolarityConfig                   0x08003ad3   Thumb Code    26  stm32f10x_tim.o(.text)
    TIM_OC3PolarityConfig                    0x08003aed   Thumb Code    26  stm32f10x_tim.o(.text)
    TIM_OC3NPolarityConfig                   0x08003b07   Thumb Code    26  stm32f10x_tim.o(.text)
    TIM_OC4PolarityConfig                    0x08003b21   Thumb Code    26  stm32f10x_tim.o(.text)
    TIM_CCxCmd                               0x08003b3b   Thumb Code    30  stm32f10x_tim.o(.text)
    TIM_CCxNCmd                              0x08003b59   Thumb Code    30  stm32f10x_tim.o(.text)
    TIM_SelectOCxM                           0x08003b77   Thumb Code    82  stm32f10x_tim.o(.text)
    TIM_UpdateDisableConfig                  0x08003bc9   Thumb Code    24  stm32f10x_tim.o(.text)
    TIM_UpdateRequestConfig                  0x08003be1   Thumb Code    24  stm32f10x_tim.o(.text)
    TIM_SelectHallSensor                     0x08003bf9   Thumb Code    24  stm32f10x_tim.o(.text)
    TIM_SelectOnePulseMode                   0x08003c11   Thumb Code    18  stm32f10x_tim.o(.text)
    TIM_SelectOutputTrigger                  0x08003c23   Thumb Code    18  stm32f10x_tim.o(.text)
    TIM_SelectSlaveMode                      0x08003c35   Thumb Code    18  stm32f10x_tim.o(.text)
    TIM_SelectMasterSlaveMode                0x08003c47   Thumb Code    18  stm32f10x_tim.o(.text)
    TIM_SetCounter                           0x08003c59   Thumb Code     4  stm32f10x_tim.o(.text)
    TIM_SetAutoreload                        0x08003c5d   Thumb Code     4  stm32f10x_tim.o(.text)
    TIM_SetCompare1                          0x08003c61   Thumb Code     4  stm32f10x_tim.o(.text)
    TIM_SetCompare2                          0x08003c65   Thumb Code     4  stm32f10x_tim.o(.text)
    TIM_SetCompare3                          0x08003c69   Thumb Code     4  stm32f10x_tim.o(.text)
    TIM_SetCompare4                          0x08003c6d   Thumb Code     6  stm32f10x_tim.o(.text)
    TIM_SetClockDivision                     0x08003c73   Thumb Code    18  stm32f10x_tim.o(.text)
    TIM_GetCapture1                          0x08003c85   Thumb Code     6  stm32f10x_tim.o(.text)
    TIM_GetCapture2                          0x08003c8b   Thumb Code     6  stm32f10x_tim.o(.text)
    TIM_GetCapture3                          0x08003c91   Thumb Code     6  stm32f10x_tim.o(.text)
    TIM_GetCapture4                          0x08003c97   Thumb Code     8  stm32f10x_tim.o(.text)
    TIM_GetCounter                           0x08003c9f   Thumb Code     6  stm32f10x_tim.o(.text)
    TIM_GetPrescaler                         0x08003ca5   Thumb Code     6  stm32f10x_tim.o(.text)
    TIM_GetFlagStatus                        0x08003cab   Thumb Code    18  stm32f10x_tim.o(.text)
    TIM_ClearFlag                            0x08003cbd   Thumb Code     6  stm32f10x_tim.o(.text)
    TIM_GetITStatus                          0x08003cc3   Thumb Code    34  stm32f10x_tim.o(.text)
    TIM_ClearITPendingBit                    0x08003ce5   Thumb Code     6  stm32f10x_tim.o(.text)
    USART_DeInit                             0x08003ced   Thumb Code   134  stm32f10x_usart.o(.text)
    USART_Init                               0x08003d73   Thumb Code   210  stm32f10x_usart.o(.text)
    USART_StructInit                         0x08003e45   Thumb Code    24  stm32f10x_usart.o(.text)
    USART_ClockInit                          0x08003e5d   Thumb Code    34  stm32f10x_usart.o(.text)
    USART_ClockStructInit                    0x08003e7f   Thumb Code    12  stm32f10x_usart.o(.text)
    USART_Cmd                                0x08003e8b   Thumb Code    24  stm32f10x_usart.o(.text)
    USART_ITConfig                           0x08003ea3   Thumb Code    74  stm32f10x_usart.o(.text)
    USART_DMACmd                             0x08003eed   Thumb Code    18  stm32f10x_usart.o(.text)
    USART_SetAddress                         0x08003eff   Thumb Code    18  stm32f10x_usart.o(.text)
    USART_WakeUpConfig                       0x08003f11   Thumb Code    18  stm32f10x_usart.o(.text)
    USART_ReceiverWakeUpCmd                  0x08003f23   Thumb Code    24  stm32f10x_usart.o(.text)
    USART_LINBreakDetectLengthConfig         0x08003f3b   Thumb Code    18  stm32f10x_usart.o(.text)
    USART_LINCmd                             0x08003f4d   Thumb Code    24  stm32f10x_usart.o(.text)
    USART_SendData                           0x08003f65   Thumb Code     8  stm32f10x_usart.o(.text)
    USART_ReceiveData                        0x08003f6d   Thumb Code    10  stm32f10x_usart.o(.text)
    USART_SendBreak                          0x08003f77   Thumb Code    10  stm32f10x_usart.o(.text)
    USART_SetGuardTime                       0x08003f81   Thumb Code    16  stm32f10x_usart.o(.text)
    USART_SetPrescaler                       0x08003f91   Thumb Code    16  stm32f10x_usart.o(.text)
    USART_SmartCardCmd                       0x08003fa1   Thumb Code    24  stm32f10x_usart.o(.text)
    USART_SmartCardNACKCmd                   0x08003fb9   Thumb Code    24  stm32f10x_usart.o(.text)
    USART_HalfDuplexCmd                      0x08003fd1   Thumb Code    24  stm32f10x_usart.o(.text)
    USART_OverSampling8Cmd                   0x08003fe9   Thumb Code    22  stm32f10x_usart.o(.text)
    USART_OneBitMethodCmd                    0x08003fff   Thumb Code    24  stm32f10x_usart.o(.text)
    USART_IrDAConfig                         0x08004017   Thumb Code    18  stm32f10x_usart.o(.text)
    USART_IrDACmd                            0x08004029   Thumb Code    24  stm32f10x_usart.o(.text)
    USART_GetFlagStatus                      0x08004041   Thumb Code    26  stm32f10x_usart.o(.text)
    USART_ClearFlag                          0x0800405b   Thumb Code    18  stm32f10x_usart.o(.text)
    USART_GetITStatus                        0x0800406d   Thumb Code    84  stm32f10x_usart.o(.text)
    USART_ClearITPendingBit                  0x080040c1   Thumb Code    52  stm32f10x_usart.o(.text)
    FLASH_SetLatency                         0x080040f5   Thumb Code    18  stm32f10x_flash.o(.text)
    FLASH_HalfCycleAccessCmd                 0x08004107   Thumb Code    22  stm32f10x_flash.o(.text)
    FLASH_PrefetchBufferCmd                  0x0800411d   Thumb Code    22  stm32f10x_flash.o(.text)
    FLASH_Unlock                             0x08004133   Thumb Code    12  stm32f10x_flash.o(.text)
    FLASH_UnlockBank1                        0x0800413f   Thumb Code    12  stm32f10x_flash.o(.text)
    FLASH_Lock                               0x0800414b   Thumb Code    14  stm32f10x_flash.o(.text)
    FLASH_LockBank1                          0x08004159   Thumb Code    14  stm32f10x_flash.o(.text)
    FLASH_GetBank1Status                     0x08004167   Thumb Code    48  stm32f10x_flash.o(.text)
    FLASH_WaitForLastOperation               0x08004197   Thumb Code    38  stm32f10x_flash.o(.text)
    FLASH_ErasePage                          0x080041bd   Thumb Code    72  stm32f10x_flash.o(.text)
    FLASH_EraseAllPages                      0x08004205   Thumb Code    68  stm32f10x_flash.o(.text)
    FLASH_WaitForLastBank1Operation          0x08004249   Thumb Code    38  stm32f10x_flash.o(.text)
    FLASH_EraseAllBank1Pages                 0x0800426f   Thumb Code    68  stm32f10x_flash.o(.text)
    FLASH_GetReadOutProtectionStatus         0x080042b3   Thumb Code    20  stm32f10x_flash.o(.text)
    FLASH_EraseOptionBytes                   0x080042c7   Thumb Code   150  stm32f10x_flash.o(.text)
    FLASH_ProgramWord                        0x0800435d   Thumb Code   102  stm32f10x_flash.o(.text)
    FLASH_ProgramHalfWord                    0x080043c3   Thumb Code    60  stm32f10x_flash.o(.text)
    FLASH_ProgramOptionByteData              0x080043ff   Thumb Code    72  stm32f10x_flash.o(.text)
    FLASH_EnableWriteProtection              0x08004447   Thumb Code   200  stm32f10x_flash.o(.text)
    FLASH_ReadOutProtection                  0x0800450f   Thumb Code   156  stm32f10x_flash.o(.text)
    FLASH_UserOptionByteConfig               0x080045ab   Thumb Code    88  stm32f10x_flash.o(.text)
    FLASH_GetUserOptionByte                  0x08004603   Thumb Code     8  stm32f10x_flash.o(.text)
    FLASH_GetWriteProtectionOptionByte       0x0800460b   Thumb Code     6  stm32f10x_flash.o(.text)
    FLASH_GetPrefetchBufferStatus            0x08004611   Thumb Code    20  stm32f10x_flash.o(.text)
    FLASH_ITConfig                           0x08004625   Thumb Code    26  stm32f10x_flash.o(.text)
    FLASH_GetFlagStatus                      0x0800463f   Thumb Code    42  stm32f10x_flash.o(.text)
    FLASH_ClearFlag                          0x08004669   Thumb Code     6  stm32f10x_flash.o(.text)
    FLASH_GetStatus                          0x0800466f   Thumb Code    48  stm32f10x_flash.o(.text)
    DMA_DeInit                               0x080046b1   Thumb Code   324  stm32f10x_dma.o(.text)
    DMA_Init                                 0x080047f5   Thumb Code    60  stm32f10x_dma.o(.text)
    DMA_StructInit                           0x08004831   Thumb Code    26  stm32f10x_dma.o(.text)
    DMA_Cmd                                  0x0800484b   Thumb Code    24  stm32f10x_dma.o(.text)
    DMA_ITConfig                             0x08004863   Thumb Code    18  stm32f10x_dma.o(.text)
    DMA_SetCurrDataCounter                   0x08004875   Thumb Code     4  stm32f10x_dma.o(.text)
    DMA_GetCurrDataCounter                   0x08004879   Thumb Code     8  stm32f10x_dma.o(.text)
    DMA_GetFlagStatus                        0x08004881   Thumb Code    40  stm32f10x_dma.o(.text)
    DMA_ClearFlag                            0x080048a9   Thumb Code    22  stm32f10x_dma.o(.text)
    DMA_GetITStatus                          0x080048bf   Thumb Code    40  stm32f10x_dma.o(.text)
    DMA_ClearITPendingBit                    0x080048e7   Thumb Code    22  stm32f10x_dma.o(.text)
    __aeabi_memcpy                           0x08004905   Thumb Code     0  rt_memcpy_v6.o(.text)
    __rt_memcpy                              0x08004905   Thumb Code   138  rt_memcpy_v6.o(.text)
    _memcpy_lastbytes                        0x0800496b   Thumb Code     0  rt_memcpy_v6.o(.text)
    __use_two_region_memory                  0x0800498f   Thumb Code     2  heapauxi.o(.text)
    __rt_heap_escrow$2region                 0x08004991   Thumb Code     2  heapauxi.o(.text)
    __rt_heap_expand$2region                 0x08004993   Thumb Code     2  heapauxi.o(.text)
    __aeabi_memcpy4                          0x08004995   Thumb Code     0  rt_memcpy_w.o(.text)
    __aeabi_memcpy8                          0x08004995   Thumb Code     0  rt_memcpy_w.o(.text)
    __rt_memcpy_w                            0x08004995   Thumb Code   100  rt_memcpy_w.o(.text)
    _memcpy_lastbytes_aligned                0x080049dd   Thumb Code     0  rt_memcpy_w.o(.text)
    __user_setup_stackheap                   0x080049f9   Thumb Code    74  sys_stackheap_outer.o(.text)
    exit                                     0x08004a43   Thumb Code    18  exit.o(.text)
    __user_libspace                          0x08004a55   Thumb Code     8  libspace.o(.text)
    __user_perproc_libspace                  0x08004a55   Thumb Code     0  libspace.o(.text)
    __user_perthread_libspace                0x08004a55   Thumb Code     0  libspace.o(.text)
    _sys_exit                                0x08004a5d   Thumb Code     8  sys_exit.o(.text)
    __I$use$semihosting                      0x08004a69   Thumb Code     0  use_no_semi.o(.text)
    __use_no_semihosting_swi                 0x08004a69   Thumb Code     2  use_no_semi.o(.text)
    __fpl_fcmp_Inf                           0x08004a6b   Thumb Code    24  fcmpi.o(x$fpl$fcmpinf)
    __semihosting_library_function           0x08004a6b   Thumb Code     0  indicate_semi.o(.text)
    __aeabi_fdiv                             0x08004a85   Thumb Code     0  fdiv.o(x$fpl$fdiv)
    _fdiv                                    0x08004a85   Thumb Code   384  fdiv.o(x$fpl$fdiv)
    __aeabi_f2uiz                            0x08004c09   Thumb Code     0  ffixu.o(x$fpl$ffixu)
    _ffixu                                   0x08004c09   Thumb Code    62  ffixu.o(x$fpl$ffixu)
    __aeabi_i2f                              0x08004c49   Thumb Code     0  fflt_clz.o(x$fpl$fflt)
    _fflt                                    0x08004c49   Thumb Code    48  fflt_clz.o(x$fpl$fflt)
    __aeabi_cfcmple                          0x08004c79   Thumb Code     0  fleqf.o(x$fpl$fleqf)
    _fcmple                                  0x08004c79   Thumb Code   104  fleqf.o(x$fpl$fleqf)
    __fpl_fcmple_InfNaN                      0x08004ccb   Thumb Code     0  fleqf.o(x$fpl$fleqf)
    __aeabi_fmul                             0x08004ce1   Thumb Code     0  fmul.o(x$fpl$fmul)
    _fmul                                    0x08004ce1   Thumb Code   258  fmul.o(x$fpl$fmul)
    __fpl_fnaninf                            0x08004de3   Thumb Code   140  fnaninf.o(x$fpl$fnaninf)
    __fpl_fretinf                            0x08004e6f   Thumb Code    10  fretinf.o(x$fpl$fretinf)
    __aeabi_cfrcmple                         0x08004e79   Thumb Code     0  frleqf.o(x$fpl$frleqf)
    _frcmple                                 0x08004e79   Thumb Code    98  frleqf.o(x$fpl$frleqf)
    __I$use$fp                               0x08004eda   Number         0  usenofp.o(x$fpl$usenofp)
    auchCRCHi                                0x08004eda   Data         256  compute.o(.constdata)
    auchCRCLo                                0x08004fda   Data         256  compute.o(.constdata)
    Region$$Table$$Base                      0x080050dc   Number         0  anon$$obj.o(Region$$Table)
    Region$$Table$$Limit                     0x080050fc   Number         0  anon$$obj.o(Region$$Table)
    SystemCoreClock                          0x20000000   Data           4  system_stm32f10x.o(.data)
    AHBPrescTable                            0x20000004   Data          16  system_stm32f10x.o(.data)
    HZ_50_FLAG                               0x20000018   Data           1  timer_config.o(.data)
    HZ_25_FLAG                               0x20000019   Data           1  timer_config.o(.data)
    HZ_10_FLAG                               0x2000001a   Data           1  timer_config.o(.data)
    interuptCount                            0x2000001c   Data           4  timer_config.o(.data)
    timer_counter                            0x20000020   Data           4  timer_config.o(.data)
    setubx                                   0x20000024   Data          28  gps.o(.data)
    enableMsg                                0x20000040   Data          16  gps.o(.data)
    initc                                    0x20000050   Data          14  gps.o(.data)
    enable_beidou                            0x2000005e   Data          52  gps.o(.data)
    readIndex                                0x20000092   Data           2  gps.o(.data)
    total_gps_len                            0x20000094   Data           2  gps.o(.data)
    recieve_gps_len                          0x20000096   Data           2  gps.o(.data)
    GPS_exsit                                0x20000098   Data           1  gps.o(.data)
    gpsArrived                               0x20000099   Data           1  gps.o(.data)
    position_not_changed_count               0x2000009a   Data           1  gps.o(.data)
    gps_checksum_ok                          0x2000009b   Data           1  gps.o(.data)
    GPS_Altitude                             0x2000009c   Data           4  gps.o(.data)
    GPS_Course                               0x200000a0   Data           4  gps.o(.data)
    Ci_Bias_Gps                              0x200000a4   Data           4  gps.o(.data)
    alt_level                                0x200000a8   Data           4  gps.o(.data)
    GPS_Vel_N                                0x200000ac   Data           4  gps.o(.data)
    GPS_Vel_E                                0x200000b0   Data           4  gps.o(.data)
    GPS_Vel_D                                0x200000b4   Data           4  gps.o(.data)
    GPS_GroundSpeed                          0x200000b8   Data           4  gps.o(.data)
    Gps_Month                                0x200000bc   Data           1  gps.o(.data)
    Gps_Day                                  0x200000bd   Data           1  gps.o(.data)
    Gps_Hour                                 0x200000be   Data           1  gps.o(.data)
    Gps_Min                                  0x200000bf   Data           1  gps.o(.data)
    Gps_Sec                                  0x200000c0   Data           1  gps.o(.data)
    fixType                                  0x200000c1   Data           1  gps.o(.data)
    GPS_STA_Num                              0x200000c2   Data           1  gps.o(.data)
    Gps_Year                                 0x200000c4   Data           2  gps.o(.data)
    GPS_MiniSec                              0x200000c8   Data           4  gps.o(.data)
    gpsArriveTime                            0x200000cc   Data           4  gps.o(.data)
    GPS_PDOP                                 0x200000d0   Data           4  gps.o(.data)
    Latitude_GPS                             0x200000d4   Data           4  gps.o(.data)
    Longitude_GPS                            0x200000d8   Data           4  gps.o(.data)
    Latitude_GPS_Last                        0x200000dc   Data           4  gps.o(.data)
    Longitude_GPS_Last                       0x200000e0   Data           4  gps.o(.data)
    gps_status                               0x200000e4   Data           1  gps.o(.data)
    x_mag                                    0x200000e8   Data           4  qmc5883l.o(.data)
    y_mag                                    0x200000ec   Data           4  qmc5883l.o(.data)
    z_mag                                    0x200000f0   Data           4  qmc5883l.o(.data)
    QMC5883_Buf_index                        0x200000f4   Data           1  qmc5883l.o(.data)
    USART2_DMA_Send_Buf                      0x2000010c   Data          37  uart2.o(.bss)
    USART1_DMA_Read_Buf                      0x20000131   Data         120  uart1.o(.bss)
    total_gps_buf                            0x200001a9   Data         200  gps.o(.bss)
    QMC5883_FIFO                             0x20000272   Data          36  qmc5883l.o(.bss)
    gps_error_record                         0x20000296   Data          12  chipflash.o(.bss)
    CAN1_RxMessage                           0x200002a4   Data          20  can_to_imu.o(.bss)
    sendGpsBuf                               0x200002b8   Data          48  can_to_imu.o(.bss)
    sendMagBuf                               0x200002e8   Data          16  can_to_imu.o(.bss)
    __libspace_start                         0x200002f8   Data          96  libspace.o(.bss)
    __temporary_stack_top$libspace           0x20000358   Data           0  libspace.o(.bss)



==============================================================================

Memory Map of the image

  Image Entry point : 0x08000369

  Load Region LR_1 (Base: 0x08000000, Size: 0x00005208, Max: 0xffffffff, ABSOLUTE)

    Execution Region ER_RO (Exec base: 0x08000000, Load base: 0x08000000, Size: 0x000050fc, Max: 0xffffffff, ABSOLUTE)

    Exec Addr    Load Addr    Size         Type   Attr      Idx    E Section Name        Object

    0x08000000   0x08000000   0x000000ec   Data   RO           89    RESET               startup_stm32f10x_md.o
    0x080000ec   0x080000ec   0x00000008   Code   RO          468  * !!!main             c_w.l(__main.o)
    0x080000f4   0x080000f4   0x00000034   Code   RO          654    !!!scatter          c_w.l(__scatter.o)
    0x08000128   0x08000128   0x0000001a   Code   RO          656    !!handler_copy      c_w.l(__scatter_copy.o)
    0x08000142   0x08000142   0x00000002   PAD
    0x08000144   0x08000144   0x0000001c   Code   RO          658    !!handler_zi        c_w.l(__scatter_zi.o)
    0x08000160   0x08000160   0x00000002   Code   RO          524    .ARM.Collect$$libinit$$00000000  c_w.l(libinit.o)
    0x08000162   0x08000162   0x00000000   Code   RO          531    .ARM.Collect$$libinit$$00000002  c_w.l(libinit2.o)
    0x08000162   0x08000162   0x00000000   Code   RO          533    .ARM.Collect$$libinit$$00000004  c_w.l(libinit2.o)
    0x08000162   0x08000162   0x00000000   Code   RO          536    .ARM.Collect$$libinit$$0000000A  c_w.l(libinit2.o)
    0x08000162   0x08000162   0x00000000   Code   RO          538    .ARM.Collect$$libinit$$0000000C  c_w.l(libinit2.o)
    0x08000162   0x08000162   0x00000000   Code   RO          540    .ARM.Collect$$libinit$$0000000E  c_w.l(libinit2.o)
    0x08000162   0x08000162   0x00000000   Code   RO          543    .ARM.Collect$$libinit$$00000011  c_w.l(libinit2.o)
    0x08000162   0x08000162   0x00000000   Code   RO          545    .ARM.Collect$$libinit$$00000013  c_w.l(libinit2.o)
    0x08000162   0x08000162   0x00000000   Code   RO          547    .ARM.Collect$$libinit$$00000015  c_w.l(libinit2.o)
    0x08000162   0x08000162   0x00000000   Code   RO          549    .ARM.Collect$$libinit$$00000017  c_w.l(libinit2.o)
    0x08000162   0x08000162   0x00000000   Code   RO          551    .ARM.Collect$$libinit$$00000019  c_w.l(libinit2.o)
    0x08000162   0x08000162   0x00000000   Code   RO          553    .ARM.Collect$$libinit$$0000001B  c_w.l(libinit2.o)
    0x08000162   0x08000162   0x00000000   Code   RO          555    .ARM.Collect$$libinit$$0000001D  c_w.l(libinit2.o)
    0x08000162   0x08000162   0x00000000   Code   RO          557    .ARM.Collect$$libinit$$0000001F  c_w.l(libinit2.o)
    0x08000162   0x08000162   0x00000000   Code   RO          559    .ARM.Collect$$libinit$$00000021  c_w.l(libinit2.o)
    0x08000162   0x08000162   0x00000000   Code   RO          561    .ARM.Collect$$libinit$$00000023  c_w.l(libinit2.o)
    0x08000162   0x08000162   0x00000000   Code   RO          563    .ARM.Collect$$libinit$$00000025  c_w.l(libinit2.o)
    0x08000162   0x08000162   0x00000000   Code   RO          567    .ARM.Collect$$libinit$$0000002C  c_w.l(libinit2.o)
    0x08000162   0x08000162   0x00000000   Code   RO          569    .ARM.Collect$$libinit$$0000002E  c_w.l(libinit2.o)
    0x08000162   0x08000162   0x00000000   Code   RO          571    .ARM.Collect$$libinit$$00000030  c_w.l(libinit2.o)
    0x08000162   0x08000162   0x00000000   Code   RO          573    .ARM.Collect$$libinit$$00000032  c_w.l(libinit2.o)
    0x08000162   0x08000162   0x00000002   Code   RO          574    .ARM.Collect$$libinit$$00000033  c_w.l(libinit2.o)
    0x08000164   0x08000164   0x00000002   Code   RO          594    .ARM.Collect$$libshutdown$$00000000  c_w.l(libshutdown.o)
    0x08000166   0x08000166   0x00000000   Code   RO          607    .ARM.Collect$$libshutdown$$00000002  c_w.l(libshutdown2.o)
    0x08000166   0x08000166   0x00000000   Code   RO          609    .ARM.Collect$$libshutdown$$00000004  c_w.l(libshutdown2.o)
    0x08000166   0x08000166   0x00000000   Code   RO          612    .ARM.Collect$$libshutdown$$00000007  c_w.l(libshutdown2.o)
    0x08000166   0x08000166   0x00000000   Code   RO          615    .ARM.Collect$$libshutdown$$0000000A  c_w.l(libshutdown2.o)
    0x08000166   0x08000166   0x00000000   Code   RO          617    .ARM.Collect$$libshutdown$$0000000C  c_w.l(libshutdown2.o)
    0x08000166   0x08000166   0x00000000   Code   RO          620    .ARM.Collect$$libshutdown$$0000000F  c_w.l(libshutdown2.o)
    0x08000166   0x08000166   0x00000002   Code   RO          621    .ARM.Collect$$libshutdown$$00000010  c_w.l(libshutdown2.o)
    0x08000168   0x08000168   0x00000000   Code   RO          490    .ARM.Collect$$rtentry$$00000000  c_w.l(__rtentry.o)
    0x08000168   0x08000168   0x00000000   Code   RO          501    .ARM.Collect$$rtentry$$00000002  c_w.l(__rtentry2.o)
    0x08000168   0x08000168   0x00000006   Code   RO          513    .ARM.Collect$$rtentry$$00000004  c_w.l(__rtentry4.o)
    0x0800016e   0x0800016e   0x00000000   Code   RO          503    .ARM.Collect$$rtentry$$00000009  c_w.l(__rtentry2.o)
    0x0800016e   0x0800016e   0x00000004   Code   RO          504    .ARM.Collect$$rtentry$$0000000A  c_w.l(__rtentry2.o)
    0x08000172   0x08000172   0x00000000   Code   RO          506    .ARM.Collect$$rtentry$$0000000C  c_w.l(__rtentry2.o)
    0x08000172   0x08000172   0x00000008   Code   RO          507    .ARM.Collect$$rtentry$$0000000D  c_w.l(__rtentry2.o)
    0x0800017a   0x0800017a   0x00000002   Code   RO          528    .ARM.Collect$$rtexit$$00000000  c_w.l(rtexit.o)
    0x0800017c   0x0800017c   0x00000000   Code   RO          576    .ARM.Collect$$rtexit$$00000002  c_w.l(rtexit2.o)
    0x0800017c   0x0800017c   0x00000004   Code   RO          577    .ARM.Collect$$rtexit$$00000003  c_w.l(rtexit2.o)
    0x08000180   0x08000180   0x00000006   Code   RO          578    .ARM.Collect$$rtexit$$00000004  c_w.l(rtexit2.o)
    0x08000186   0x08000186   0x00000002   PAD
    0x08000188   0x08000188   0x000001e0   Code   RO           17    .text               system_stm32f10x.o
    0x08000368   0x08000368   0x00000040   Code   RO           90  * .text               startup_stm32f10x_md.o
    0x080003a8   0x080003a8   0x000009f0   Code   RO           94    .text               stm32f10x_can.o
    0x08000d98   0x08000d98   0x000000b0   Code   RO          129    .text               delay.o
    0x08000e48   0x08000e48   0x00000348   Code   RO          146    .text               uart2.o
    0x08001190   0x08001190   0x00000164   Code   RO          181    .text               timer_config.o
    0x080012f4   0x080012f4   0x000001a0   Code   RO          199    .text               uart1.o
    0x08001494   0x08001494   0x00000446   Code   RO          220    .text               ioi2c.o
    0x080018da   0x080018da   0x00000002   PAD
    0x080018dc   0x080018dc   0x000001f4   Code   RO          235    .text               compute.o
    0x08001ad0   0x08001ad0   0x00000440   Code   RO          253    .text               gps.o
    0x08001f10   0x08001f10   0x000001f0   Code   RO          285    .text               qmc5883l.o
    0x08002100   0x08002100   0x000000c4   Code   RO          305    .text               chipflash.o
    0x080021c4   0x080021c4   0x000000d4   Code   RO          323    .text               main.o
    0x08002298   0x08002298   0x00000440   Code   RO          342    .text               can_to_imu.o
    0x080026d8   0x080026d8   0x0000001a   Code   RO          361    .text               stm32f10x_it.o
    0x080026f2   0x080026f2   0x00000002   PAD
    0x080026f4   0x080026f4   0x000000dc   Code   RO          376    .text               misc.o
    0x080027d0   0x080027d0   0x0000035c   Code   RO          388    .text               stm32f10x_gpio.o
    0x08002b2c   0x08002b2c   0x000003a4   Code   RO          400    .text               stm32f10x_rcc.o
    0x08002ed0   0x08002ed0   0x00000e1a   Code   RO          414    .text               stm32f10x_tim.o
    0x08003cea   0x08003cea   0x00000002   PAD
    0x08003cec   0x08003cec   0x00000408   Code   RO          426    .text               stm32f10x_usart.o
    0x080040f4   0x080040f4   0x000005bc   Code   RO          438    .text               stm32f10x_flash.o
    0x080046b0   0x080046b0   0x00000254   Code   RO          450    .text               stm32f10x_dma.o
    0x08004904   0x08004904   0x0000008a   Code   RO          464    .text               c_w.l(rt_memcpy_v6.o)
    0x0800498e   0x0800498e   0x00000006   Code   RO          466    .text               c_w.l(heapauxi.o)
    0x08004994   0x08004994   0x00000064   Code   RO          491    .text               c_w.l(rt_memcpy_w.o)
    0x080049f8   0x080049f8   0x0000004a   Code   RO          515    .text               c_w.l(sys_stackheap_outer.o)
    0x08004a42   0x08004a42   0x00000012   Code   RO          517    .text               c_w.l(exit.o)
    0x08004a54   0x08004a54   0x00000008   Code   RO          525    .text               c_w.l(libspace.o)
    0x08004a5c   0x08004a5c   0x0000000c   Code   RO          586    .text               c_w.l(sys_exit.o)
    0x08004a68   0x08004a68   0x00000002   Code   RO          597    .text               c_w.l(use_no_semi.o)
    0x08004a6a   0x08004a6a   0x00000000   Code   RO          599    .text               c_w.l(indicate_semi.o)
    0x08004a6a   0x08004a6a   0x00000018   Code   RO          493    x$fpl$fcmpinf       fz_ws.l(fcmpi.o)
    0x08004a82   0x08004a82   0x00000002   PAD
    0x08004a84   0x08004a84   0x00000184   Code   RO          471    x$fpl$fdiv          fz_ws.l(fdiv.o)
    0x08004c08   0x08004c08   0x0000003e   Code   RO          474    x$fpl$ffixu         fz_ws.l(ffixu.o)
    0x08004c46   0x08004c46   0x00000002   PAD
    0x08004c48   0x08004c48   0x00000030   Code   RO          479    x$fpl$fflt          fz_ws.l(fflt_clz.o)
    0x08004c78   0x08004c78   0x00000068   Code   RO          484    x$fpl$fleqf         fz_ws.l(fleqf.o)
    0x08004ce0   0x08004ce0   0x00000102   Code   RO          486    x$fpl$fmul          fz_ws.l(fmul.o)
    0x08004de2   0x08004de2   0x0000008c   Code   RO          495    x$fpl$fnaninf       fz_ws.l(fnaninf.o)
    0x08004e6e   0x08004e6e   0x0000000a   Code   RO          497    x$fpl$fretinf       fz_ws.l(fretinf.o)
    0x08004e78   0x08004e78   0x00000062   Code   RO          488    x$fpl$frleqf        fz_ws.l(frleqf.o)
    0x08004eda   0x08004eda   0x00000000   Code   RO          499    x$fpl$usenofp       fz_ws.l(usenofp.o)
    0x08004eda   0x08004eda   0x00000200   Data   RO          236    .constdata          compute.o
    0x080050da   0x080050da   0x00000002   PAD
    0x080050dc   0x080050dc   0x00000020   Data   RO          652    Region$$Table       anon$$obj.o


    Execution Region ER_RW (Exec base: 0x20000000, Load base: 0x080050fc, Size: 0x0000010c, Max: 0xffffffff, ABSOLUTE)

    Exec Addr    Load Addr    Size         Type   Attr      Idx    E Section Name        Object

    0x20000000   0x080050fc   0x00000014   Data   RW           18    .data               system_stm32f10x.o
    0x20000014   0x08005110   0x00000004   Data   RW          130    .data               delay.o
    0x20000018   0x08005114   0x0000000c   Data   RW          182    .data               timer_config.o
    0x20000024   0x08005120   0x000000c1   Data   RW          255    .data               gps.o
    0x200000e5   0x080051e1   0x00000003   PAD
    0x200000e8   0x080051e4   0x0000000d   Data   RW          287    .data               qmc5883l.o
    0x200000f5   0x080051f1   0x00000014   Data   RW          401    .data               stm32f10x_rcc.o


    Execution Region ER_ZI (Exec base: 0x2000010c, Load base: 0x08005208, Size: 0x0000084c, Max: 0xffffffff, ABSOLUTE)

    Exec Addr    Load Addr    Size         Type   Attr      Idx    E Section Name        Object

    0x2000010c        -       0x00000025   Zero   RW          147    .bss                uart2.o
    0x20000131        -       0x00000078   Zero   RW          200    .bss                uart1.o
    0x200001a9        -       0x000000c8   Zero   RW          254    .bss                gps.o
    0x20000271   0x08005208   0x00000001   PAD
    0x20000272        -       0x00000024   Zero   RW          286    .bss                qmc5883l.o
    0x20000296        -       0x0000000c   Zero   RW          306    .bss                chipflash.o
    0x200002a2   0x08005208   0x00000002   PAD
    0x200002a4        -       0x00000054   Zero   RW          343    .bss                can_to_imu.o
    0x200002f8        -       0x00000060   Zero   RW          526    .bss                c_w.l(libspace.o)
    0x20000358        -       0x00000200   Zero   RW           88    HEAP                startup_stm32f10x_md.o
    0x20000558        -       0x00000400   Zero   RW           87    STACK               startup_stm32f10x_md.o


==============================================================================

Image component sizes


      Code (inc. data)   RO Data    RW Data    ZI Data      Debug   Object Name

      1088        124          0          0         84       3505   can_to_imu.o
       196          6          0          0         12       2686   chipflash.o
       500         10        512          0          0       4902   compute.o
         0          0          0          0          0       4540   core_cm3.o
       176          8          0          4          0        959   delay.o
      1088        148          0        193        200       3684   gps.o
      1094         14          0          0          0       4725   ioi2c.o
       212         22          0          0          0        519   main.o
       220         22          0          0          0       1645   misc.o
       496         26          0         13         36       2281   qmc5883l.o
        64         26        236          0       1536        764   startup_stm32f10x_md.o
      2544         38          0          0          0     219348   stm32f10x_can.o
       596          8          0          0          0       4210   stm32f10x_dma.o
      1468         34          0          0          0       8054   stm32f10x_flash.o
       860         38          0          0          0       5585   stm32f10x_gpio.o
        26          0          0          0          0       1170   stm32f10x_it.o
       932         36          0         20          0       8712   stm32f10x_rcc.o
      3610         88          0          0          0      22692   stm32f10x_tim.o
      1032         22          0          0          0       8304   stm32f10x_usart.o
       480         38          0         20          0      60979   system_stm32f10x.o
       356         30          0         12          0       1583   timer_config.o
       416         26          0          0        120       2315   uart1.o
       840        100          0          0         37       3266   uart2.o

    ----------------------------------------------------------------------
     18300        864        782        268       2028     376428   Object Totals
         0          0         32          0          0          0   (incl. Generated)
         6          0          2          6          3          0   (incl. Padding)

    ----------------------------------------------------------------------

      Code (inc. data)   RO Data    RW Data    ZI Data      Debug   Library Member Name

         8          0          0          0          0         68   __main.o
         0          0          0          0          0          0   __rtentry.o
        12          0          0          0          0          0   __rtentry2.o
         6          0          0          0          0          0   __rtentry4.o
        52          8          0          0          0          0   __scatter.o
        26          0          0          0          0          0   __scatter_copy.o
        28          0          0          0          0          0   __scatter_zi.o
        18          0          0          0          0         80   exit.o
         6          0          0          0          0        152   heapauxi.o
         0          0          0          0          0          0   indicate_semi.o
         2          0          0          0          0          0   libinit.o
         2          0          0          0          0          0   libinit2.o
         2          0          0          0          0          0   libshutdown.o
         2          0          0          0          0          0   libshutdown2.o
         8          4          0          0         96         68   libspace.o
       138          0          0          0          0         68   rt_memcpy_v6.o
       100          0          0          0          0         80   rt_memcpy_w.o
         2          0          0          0          0          0   rtexit.o
        10          0          0          0          0          0   rtexit2.o
        12          4          0          0          0         68   sys_exit.o
        74          0          0          0          0         80   sys_stackheap_outer.o
         2          0          0          0          0         68   use_no_semi.o
        24          0          0          0          0         68   fcmpi.o
       388         76          0          0          0         96   fdiv.o
        62          4          0          0          0         84   ffixu.o
        48          0          0          0          0         68   fflt_clz.o
       104          4          0          0          0         84   fleqf.o
       258          4          0          0          0         84   fmul.o
       140          4          0          0          0         84   fnaninf.o
        10          0          0          0          0         68   fretinf.o
        98          0          0          0          0         68   frleqf.o
         0          0          0          0          0          0   usenofp.o

    ----------------------------------------------------------------------
      1650        108          0          0         96       1436   Library Totals
         8          0          0          0          0          0   (incl. Padding)

    ----------------------------------------------------------------------

      Code (inc. data)   RO Data    RW Data    ZI Data      Debug   Library Name

       510         16          0          0         96        732   c_w.l
      1132         92          0          0          0        704   fz_ws.l

    ----------------------------------------------------------------------
      1650        108          0          0         96       1436   Library Totals

    ----------------------------------------------------------------------

==============================================================================


      Code (inc. data)   RO Data    RW Data    ZI Data      Debug   

     19950        972        782        268       2124     375208   Grand Totals
     19950        972        782        268       2124     375208   ELF Image Totals
     19950        972        782        268          0          0   ROM Totals

==============================================================================

    Total RO  Size (Code + RO Data)                20732 (  20.25kB)
    Total RW  Size (RW Data + ZI Data)              2392 (   2.34kB)
    Total ROM Size (Code + RO Data + RW Data)      21000 (  20.51kB)

==============================================================================

